Archive member included to satisfy reference by file (symbol)

d:/chipways/c2e/gnu tools arm embedded/5.4 2016q3/bin/../lib/gcc/arm-none-eabi/5.4.1/armv7-m\libgcc.a(_arm_addsubdf3.o)
                              ./Lin_Stack/Lin_driver/lin_lld_timesrv.o (__aeabi_ui2d)
d:/chipways/c2e/gnu tools arm embedded/5.4 2016q3/bin/../lib/gcc/arm-none-eabi/5.4.1/armv7-m\libgcc.a(_arm_muldivdf3.o)
                              ./Lin_Stack/Lin_driver/lin_lld_timesrv.o (__aeabi_dmul)
d:/chipways/c2e/gnu tools arm embedded/5.4 2016q3/bin/../lib/gcc/arm-none-eabi/5.4.1/armv7-m\libgcc.a(_arm_fixunsdfsi.o)
                              ./Lin_Stack/Lin_driver/lin_lld_timesrv.o (__aeabi_d2uiz)
d:/chipways/c2e/gnu tools arm embedded/5.4 2016q3/bin/../lib/gcc/arm-none-eabi/5.4.1/armv7-m\libgcc.a(_arm_addsubsf3.o)
                              ./Application/source/AppIF.o (__aeabi_fadd)
d:/chipways/c2e/gnu tools arm embedded/5.4 2016q3/bin/../lib/gcc/arm-none-eabi/5.4.1/armv7-m\libgcc.a(_arm_muldivsf3.o)
                              D:/Programs/c2e-workspace/ChipWay_STEC_Window_Lifter_Sample/Application/source/002_ASW/aplib.o (__aeabi_fdiv)
d:/chipways/c2e/gnu tools arm embedded/5.4 2016q3/bin/../lib/gcc/arm-none-eabi/5.4.1/armv7-m\libgcc.a(_arm_cmpsf2.o)
                              ./Application/source/002_ASW/thermo.o (__aeabi_fcmplt)
d:/chipways/c2e/gnu tools arm embedded/5.4 2016q3/bin/../lib/gcc/arm-none-eabi/5.4.1/armv7-m\libgcc.a(_arm_fixunssfsi.o)
                              ./Application/source/002_ASW/TestMode.o (__aeabi_f2uiz)
d:/chipways/c2e/gnu tools arm embedded/5.4 2016q3/bin/../lib/gcc/arm-none-eabi/5.4.1/../../../../arm-none-eabi/lib/armv7-m\libg.a(lib_a-exit.o)
                              d:/chipways/c2e/gnu tools arm embedded/5.4 2016q3/bin/../lib/gcc/arm-none-eabi/5.4.1/../../../../arm-none-eabi/lib/armv7-m/crt0.o (exit)
d:/chipways/c2e/gnu tools arm embedded/5.4 2016q3/bin/../lib/gcc/arm-none-eabi/5.4.1/../../../../arm-none-eabi/lib/armv7-m\libg.a(lib_a-impure.o)
                              d:/chipways/c2e/gnu tools arm embedded/5.4 2016q3/bin/../lib/gcc/arm-none-eabi/5.4.1/../../../../arm-none-eabi/lib/armv7-m\libg.a(lib_a-exit.o) (_global_impure_ptr)
d:/chipways/c2e/gnu tools arm embedded/5.4 2016q3/bin/../lib/gcc/arm-none-eabi/5.4.1/../../../../arm-none-eabi/lib/armv7-m\libg.a(lib_a-init.o)
                              d:/chipways/c2e/gnu tools arm embedded/5.4 2016q3/bin/../lib/gcc/arm-none-eabi/5.4.1/../../../../arm-none-eabi/lib/armv7-m/crt0.o (__libc_init_array)
d:/chipways/c2e/gnu tools arm embedded/5.4 2016q3/bin/../lib/gcc/arm-none-eabi/5.4.1/../../../../arm-none-eabi/lib/armv7-m\libg.a(lib_a-memcpy.o)
                              ./Application/source/Lin/LinDcm.o (memcpy)
d:/chipways/c2e/gnu tools arm embedded/5.4 2016q3/bin/../lib/gcc/arm-none-eabi/5.4.1/../../../../arm-none-eabi/lib/armv7-m\libg.a(lib_a-memset.o)
                              d:/chipways/c2e/gnu tools arm embedded/5.4 2016q3/bin/../lib/gcc/arm-none-eabi/5.4.1/../../../../arm-none-eabi/lib/armv7-m/crt0.o (memset)
d:/chipways/c2e/gnu tools arm embedded/5.4 2016q3/bin/../lib/gcc/arm-none-eabi/5.4.1/../../../../arm-none-eabi/lib/armv7-m\libg.a(lib_a-__call_atexit.o)
                              d:/chipways/c2e/gnu tools arm embedded/5.4 2016q3/bin/../lib/gcc/arm-none-eabi/5.4.1/../../../../arm-none-eabi/lib/armv7-m\libg.a(lib_a-exit.o) (__call_exitprocs)
d:/chipways/c2e/gnu tools arm embedded/5.4 2016q3/bin/../lib/gcc/arm-none-eabi/5.4.1/../../../../arm-none-eabi/lib/armv7-m\libg.a(lib_a-atexit.o)
                              d:/chipways/c2e/gnu tools arm embedded/5.4 2016q3/bin/../lib/gcc/arm-none-eabi/5.4.1/../../../../arm-none-eabi/lib/armv7-m\libg.a(lib_a-__call_atexit.o) (atexit)
d:/chipways/c2e/gnu tools arm embedded/5.4 2016q3/bin/../lib/gcc/arm-none-eabi/5.4.1/../../../../arm-none-eabi/lib/armv7-m\libg.a(lib_a-fini.o)
                              d:/chipways/c2e/gnu tools arm embedded/5.4 2016q3/bin/../lib/gcc/arm-none-eabi/5.4.1/../../../../arm-none-eabi/lib/armv7-m\libg.a(lib_a-__call_atexit.o) (__libc_fini_array)
d:/chipways/c2e/gnu tools arm embedded/5.4 2016q3/bin/../lib/gcc/arm-none-eabi/5.4.1/../../../../arm-none-eabi/lib/armv7-m\libg.a(lib_a-__atexit.o)
                              d:/chipways/c2e/gnu tools arm embedded/5.4 2016q3/bin/../lib/gcc/arm-none-eabi/5.4.1/../../../../arm-none-eabi/lib/armv7-m\libg.a(lib_a-atexit.o) (__register_exitproc)
d:/chipways/c2e/gnu tools arm embedded/5.4 2016q3/bin/../lib/gcc/arm-none-eabi/5.4.1/../../../../arm-none-eabi/lib/armv7-m\libnosys.a(_exit.o)
                              d:/chipways/c2e/gnu tools arm embedded/5.4 2016q3/bin/../lib/gcc/arm-none-eabi/5.4.1/../../../../arm-none-eabi/lib/armv7-m\libg.a(lib_a-exit.o) (_exit)

Allocating common symbols
Common symbol       size              file

FlashAp_DataBuf     0x68              ./Application/source/002_ASW/FlashApManage.o
tl_rx_msg_status    0x1               ./Lin_Stack/Lin_cfg/lin_cfg.o
[...]
Memory Configuration

Name             Origin             Length             Attributes
m_vector         0x00000000         0x00000800         xr
m_factory_data   0x00006800         0x00000400         xr
m_static_data    0x00006c00         0x00000400         xr
m_dynamic_data0  0x00007000         0x00000800         xr
m_code           0x00007800         0x00016800         xr
m_dynamic_data1  0x0001e000         0x00002000         xr
CRAM             0x1fffe800         0x00001600         xrw
C1RAM            0x1ffffe00         0x00000200         xrw
DRAM             0x20000000         0x00002800         xrw
*default*        0x00000000         0xffffffff

Linker script and memory map

LOAD d:/chipways/c2e/gnu tools arm embedded/5.4 2016q3/bin/../lib/gcc/arm-none-eabi/5.4.1/armv7-m/crti.o
LOAD d:/chipways/c2e/gnu tools arm embedded/5.4 2016q3/bin/../lib/gcc/arm-none-eabi/5.4.1/armv7-m/crtbegin.o
LOAD d:/chipways/c2e/gnu tools arm embedded/5.4 2016q3/bin/../lib/gcc/arm-none-eabi/5.4.1/../../../../arm-none-eabi/lib/armv7-m/crt0.o
LOAD ./OS/OS.o
LOAD ./OS/Task.o
LOAD ./Lin_Stack/Lin_transport/lin_commontl_api.o
LOAD ./Lin_Stack/Lin_transport/lin_commontl_proto.o
LOAD ./Lin_Stack/Lin_transport/lin_j2602tl_api.o
LOAD ./Lin_Stack/Lin_transport/lin_lin21tl_api.o
LOAD ./Lin_Stack/Lin_lowlevel/lin.o
LOAD ./Lin_Stack/Lin_driver/lin_isr.o
LOAD ./Lin_Stack/Lin_driver/lin_lld_timesrv.o
LOAD ./Lin_Stack/Lin_driver/lin_lld_uart.o
LOAD ./Lin_Stack/Lin_diagnostic/lin_diagnostic_service.o
LOAD ./Lin_Stack/Lin_core/lin_common_api.o
LOAD ./Lin_Stack/Lin_core/lin_common_proto.o
LOAD ./Lin_Stack/Lin_core/lin_j2602_api.o
LOAD ./Lin_Stack/Lin_core/lin_j2602_proto.o
LOAD ./Lin_Stack/Lin_core/lin_lin21_api.o
LOAD ./Lin_Stack/Lin_core/lin_lin21_proto.o
LOAD ./Lin_Stack/Lin_cfg/lin_cfg.o
LOAD ./Flash/flash.o
LOAD ./Flash/flash_eeprom.o
LOAD ./Driver/source/xl_acmp.o
LOAD ./Driver/source/xl_adc.o
LOAD ./Driver/source/xl_clm.o
LOAD ./Driver/source/xl_crc.o
LOAD ./Driver/source/xl_dma.o
LOAD ./Driver/source/xl_eeprom.o
LOAD ./Driver/source/xl_ewm.o
LOAD ./Driver/source/xl_flash.o
LOAD ./Driver/source/xl_ftm.o
LOAD ./Driver/source/xl_gpio.o
LOAD ./Driver/source/xl_i2c.o
LOAD ./Driver/source/xl_ics.o
LOAD ./Driver/source/xl_irq.o
LOAD ./Driver/source/xl_kbi.o
LOAD ./Driver/source/xl_mcan.o
LOAD ./Driver/source/xl_nvic.o
LOAD ./Driver/source/xl_osc.o
LOAD ./Driver/source/xl_pit.o
LOAD ./Driver/source/xl_pmc.o
LOAD ./Driver/source/xl_port.o
LOAD ./Driver/source/xl_pwt.o
LOAD ./Driver/source/xl_rtc.o
LOAD ./Driver/source/xl_sim.o
LOAD ./Driver/source/xl_spi.o
LOAD ./Driver/source/xl_uart.o
LOAD ./Driver/source/xl_wdog.o
LOAD ./Cmsis/Startup/startup_XL6600.o
LOAD ./Cmsis/Startup/system_XL6600.o
LOAD ./Application/source/Lin/AppLin.o
LOAD ./Application/source/Lin/LinDcm.o
LOAD ./Application/source/Lin/LinDcm_Cfg.o
LOAD ./Application/source/002_ASW/FlashApManage.o
LOAD ./Application/source/002_ASW/Hallpos.o
LOAD ./Application/source/002_ASW/KeyPort.o
LOAD ./Application/source/002_ASW/TestMode.o
LOAD ./Application/source/002_ASW/Ubat.o
LOAD ./Application/source/002_ASW/apfunc.o
LOAD ./Application/source/002_ASW/apparam.o
LOAD ./Application/source/002_ASW/appl_const.o
LOAD ./Application/source/002_ASW/motor.o
LOAD ./Application/source/002_ASW/param.o
LOAD ./Application/source/002_ASW/relay.o
LOAD ./Application/source/002_ASW/sub_task.o
LOAD ./Application/source/002_ASW/switch_925.o
LOAD ./Application/source/002_ASW/sysfunc.o
LOAD ./Application/source/002_ASW/syst_security.o
LOAD ./Application/source/002_ASW/thermo.o
LOAD ./Application/source/ADCTask.o
LOAD ./Application/source/AppIF.o
LOAD ./Application/source/EcumTask.o
LOAD ./Application/source/IRQCall.o
LOAD ./Application/source/Mcu.o
LOAD ./Application/source/WDGTask.o
LOAD ./Application/source/debug.o
LOAD ./Application/source/delay.o
LOAD ./Application/source/lowpower.o
LOAD ./Application/source/main.o
LOAD ./Application/source/xl6600_intr.o
LOAD D:/Programs/c2e-workspace/ChipWay_STEC_Window_Lifter_Sample/Application/source/002_ASW/aplib.o
START GROUP
LOAD d:/chipways/c2e/gnu tools arm embedded/5.4 2016q3/bin/../lib/gcc/arm-none-eabi/5.4.1/armv7-m\libgcc.a
LOAD d:/chipways/c2e/gnu tools arm embedded/5.4 2016q3/bin/../lib/gcc/arm-none-eabi/5.4.1/../../../../arm-none-eabi/lib/armv7-m\libg.a
LOAD d:/chipways/c2e/gnu tools arm embedded/5.4 2016q3/bin/../lib/gcc/arm-none-eabi/5.4.1/../../../../arm-none-eabi/lib/armv7-m\libc.a
END GROUP
START GROUP
LOAD d:/chipways/c2e/gnu tools arm embedded/5.4 2016q3/bin/../lib/gcc/arm-none-eabi/5.4.1/armv7-m\libgcc.a
LOAD d:/chipways/c2e/gnu tools arm embedded/5.4 2016q3/bin/../lib/gcc/arm-none-eabi/5.4.1/../../../../arm-none-eabi/lib/armv7-m\libc.a
LOAD d:/chipways/c2e/gnu tools arm embedded/5.4 2016q3/bin/../lib/gcc/arm-none-eabi/5.4.1/../../../../arm-none-eabi/lib/armv7-m\libnosys.a
END GROUP
LOAD d:/chipways/c2e/gnu tools arm embedded/5.4 2016q3/bin/../lib/gcc/arm-none-eabi/5.4.1/armv7-m/crtend.o
LOAD d:/chipways/c2e/gnu tools arm embedded/5.4 2016q3/bin/../lib/gcc/arm-none-eabi/5.4.1/armv7-m/crtn.o
                0x20001800                _estack = 0x20001800
                0x00000200                _Min_Heap_Size = DEFINED (__heap_size__)?__heap_size__:0x200
                0x00000800                _Min_Stack_Size = DEFINED (__stack_size__)?__stack_size__:0x800

.isr_vector     0x00000000      0x410
                0x00000000                . = ALIGN (0x8)
 *(.isr_vector)
 .isr_vector    0x00000000      0x410 ./Cmsis/Startup/startup_XL6600.o
                0x00000000                g_pfnVectors
                0x00000108                GPIOA
                0x0000010c                GPIOB
                0x00000110                GPIOC
                0x00000114                IRQ
                0x00000118                SysTick
                0x0000011c                NVIC
                0x00000120                SCB
                0x00000124                SIM
                0x00000128                KBI0
                0x0000012c                KBI1
                0x00000130                PIT
                0x00000134                RTC
                0x00000138                PWT
                0x0000013c                UART0
                0x00000140                UART1
                0x00000144                UART2
                0x00000148                WDOG
                0x0000014c                MCAN
                0x00000150                ICS
                0x00000154                OSC
                0x00000158                FTM0
                0x0000015c                FTM1
                0x00000160                FTM2
                0x00000164                FMC
                0x00000168                I2C0
                0x0000016c                I2C1
                0x00000170                SPI0
                0x00000174                SPI1
                0x00000178                PORT
                0x0000017c                PMC
                0x00000180                ACMP0
                0x00000184                ACMP1
                0x00000188                ADC0
                0x0000018c                CLMA
                0x00000190                CLMB
                0x00000194                CRC
                0x00000198                DMA
                0x0000019c                EWM
                0x00000410                . = ALIGN (0x8)

.factory_data   0x00006800      0x400
                0x00006800                _factory_data_start = .
                0x00006800                . = ALIGN (0x8)
 *(.factory_data)
                0x00006c00                . = (_factory_data_start + 0x400)
 *fill*         0x00006800      0x400 0000
                0x00006c00                . = ALIGN (0x8)

.static_data    0x00006c00      0x400
                0x00006c00                _static_data_start = .
                0x00006c00                . = ALIGN (0x8)
 *(.check_data)
 *(.static_data)
 .static_data   0x00006c00       0x96 ./Application/source/002_ASW/apparam.o
                0x00006c00                PW_N_VAL
                0x00006c04                CFLASH_AP
                0x00006c74                CFLASH_ADAPT
                0x00006c8c                CFLASH_VOLTAGE
 *fill*         0x00006c96        0x2 0000
 .static_data   0x00006c98       0xa4 ./Application/source/002_ASW/appl_const.o
                0x00006c98                CFLASH_PSW
                0x00006cc4                CFLASH_EEDAT1
                0x00006ccc                CFLASH_POSITION
                0x00006cd0                CFLASH_THERMO
                0x00006ce0                CFLASH_KEY
                0x00006ce8                CFLASH_GEN
                0x00006cec                CFLASH_EEDAT2
                0x00006cf1                EE_EEPROM_CHECKSUMME_ENDE_
                0x00006cf4                TABLE_THD_V_OFFS
 .static_data   0x00006d3c       0x38 ./Application/source/002_ASW/param.o
                0x00006d3c                ApfConfig
                0x00006d44                BatConfig
                0x00006d48                MotorConfig
                0x00006d54                HallPosConfig
                0x00007000                . = (_static_data_start + 0x400)
 *fill*         0x00006d74      0x28c 0000

.eh_frame       0x00007000        0x0
 .eh_frame      0x00007000        0x0 d:/chipways/c2e/gnu tools arm embedded/5.4 2016q3/bin/../lib/gcc/arm-none-eabi/5.4.1/armv7-m/crtbegin.o
                0x00007000                . = ALIGN (0x8)

.dynamic_data0  0x00007000      0x800
                0x00007000                _dynamic_data0_start = .
                0x00007000                . = ALIGN (0x8)
 *(.dynamic_data0)
                0x00007800                . = (_dynamic_data0_start + 0x800)
 *fill*         0x00007000      0x800 0000
                0x00007800                . = ALIGN (0x8)
                0x00007800                _flash_sidata = (_dynamic_data0_start + 0x800)

.flash_ram      0x1fffe800      0x898 load address 0x00007800
                0x1fffe800                . = ALIGN (0x8)
                0x1fffe800                _flash_start = .
 .flash_ram     0x1fffe800      0x2c0 ./Flash/flash.o
                0x1fffe800                App_FlashEraseSector
                0x1fffe94c                App_FlashWriteData
                0x1fffea9c                App_FlashReadData
 .flash_ram     0x1fffeac0      0x5d8 ./Driver/source/xl_flash.o
                0x1fffeac0                FLASH_Init
                0x1fffeb5c                FLASH_ProtecConfig
                0x1fffebb8                FLASH_CCIEnableCmd
                0x1fffebf8                FLASH_CacheCmd
                0x1fffec38                FLASH_SleepInStopCmd
                0x1fffec78                FLASH_LockClk1MCmd
                0x1fffecb8                FLASH_SetReadWait
                0x1fffecf4                FLASH_GetCmdFinshFlag
                0x1fffed20                FLASH_GetControllerBusyFlag
                0x1fffed50                FLASH_LaunchCMD
                0x1fffed70                FLASH_CheckErrStatus
                0x1fffedf8                FLASH_Program2LongWord
                0x1fffee50                FLASH_ReadLongWord
                0x1fffee94                FLASH_ReadLongWordCmd
                0x1fffeeb8                FLASH_EraseChip
                0x1fffeedc                FLASH_EraseSector
                0x1fffef20                FLASH_PowerOnReset
                0x1fffef44                FLASH_EraseVerifySector
                0x1fffef8c                FLASH_EraseVerifyChip
                0x1fffefb0                FLASH_ConfigReload
                0x1fffefd8                FLASH_GetFlashSecurity
                0x1fffeffc                FLASH_GetFlashProtection
                0x1ffff020                FLASH_GetFlashOption
                0x1ffff044                FLASH_DisableECCArea
                0x1ffff06c                FLASH_BackdoorUnlockFlash
                0x00000898                _flash_end1 = SIZEOF (.flash_ram)
                0x1ffff098                _flash_end = (_flash_start + _flash_end1)

.save_ram       0x1ffffe00       0xf8 load address 0x00008098
                0x1ffffe00                . = ALIGN (0x8)
 *(.save_ram)
 .save_ram      0x1ffffe00       0x20 ./Application/source/002_ASW/Hallpos.o
                0x1ffffe00                HallPosData
 .save_ram      0x1ffffe20        0xe ./Application/source/002_ASW/Ubat.o
                0x1ffffe20                BatData
 *fill*         0x1ffffe2e        0x2 
 .save_ram      0x1ffffe30        0xc ./Application/source/002_ASW/motor.o
                0x1ffffe30                MotorData
 .save_ram      0x1ffffe3c        0x8 ./Application/source/002_ASW/syst_security.o
                0x1ffffe3c                SY_uc_StatusRAMStack
                0x1ffffe3d                SY_uc_BitRamCtl
                0x1ffffe3e                SY_ui_ByteRamCtlKey
                0x1ffffe40                SY_ui_ByteRamCtlTM
                0x1ffffe42                SY_ui_RamCtrlCHKSUM
 .save_ram      0x1ffffe44       0xb0 D:/Programs/c2e-workspace/ChipWay_STEC_Window_Lifter_Sample/Application/source/002_ASW/aplib.o
                0x1ffffe44                APL_ui_AdaptMem
                0x1ffffe9c                APL_ui_AdaptMem2
                0x1ffffef8                . = ALIGN (0x8)
 *fill*         0x1ffffef4        0x4 
                0x000000f8                _save_ram_size = SIZEOF (.save_ram)

.text           0x00008190     0x1600
                0x00008190                . = ALIGN (0x8)
 *(.text)
 .text          0x00008190       0x5c d:/chipways/c2e/gnu tools arm embedded/5.4 2016q3/bin/../lib/gcc/arm-none-eabi/5.4.1/armv7-m/crtbegin.o
 .text          0x000081ec      0x370 d:/chipways/c2e/gnu tools arm embedded/5.4 2016q3/bin/../lib/gcc/arm-none-eabi/5.4.1/armv7-m\libgcc.a(_arm_addsubdf3.o)
                0x000081ec                __aeabi_drsub
                0x000081f4                __aeabi_dsub
                0x000081f4                __subdf3
                0x000081f8                __aeabi_dadd
                0x000081f8                __adddf3
                0x00008470                __floatunsidf
                0x00008470                __aeabi_ui2d
                0x00008490                __floatsidf
                0x00008490                __aeabi_i2d
                0x000084b4                __aeabi_f2d
                0x000084b4                __extendsfdf2
                0x000084f0                __floatundidf
                0x000084f0                __aeabi_ul2d
                0x00008500                __floatdidf
                0x00008500                __aeabi_l2d
 .text          0x0000855c      0x424 d:/chipways/c2e/gnu tools arm embedded/5.4 2016q3/bin/../lib/gcc/arm-none-eabi/5.4.1/armv7-m\libgcc.a(_arm_muldivdf3.o)
                0x0000855c                __aeabi_dmul
                0x0000855c                __muldf3
                0x000087b0                __divdf3
                0x000087b0                __aeabi_ddiv
 .text          0x00008980       0x40 d:/chipways/c2e/gnu tools arm embedded/5.4 2016q3/bin/../lib/gcc/arm-none-eabi/5.4.1/armv7-m\libgcc.a(_arm_fixunsdfsi.o)
                0x00008980                __aeabi_d2uiz
                0x00008980                __fixunsdfsi
 .text          0x000089c0      0x21c d:/chipways/c2e/gnu tools arm embedded/5.4 2016q3/bin/../lib/gcc/arm-none-eabi/5.4.1/armv7-m\libgcc.a(_arm_addsubsf3.o)
                0x000089c0                __aeabi_frsub
                0x000089c8                __subsf3
                0x000089c8                __aeabi_fsub
                0x000089cc                __aeabi_fadd
                0x000089cc                __addsf3
                0x00008b2c                __aeabi_ui2f
                0x00008b2c                __floatunsisf
                0x00008b34                __aeabi_i2f
                0x00008b34                __floatsisf
                0x00008b50                __aeabi_ul2f
                0x00008b50                __floatundisf
                0x00008b60                __aeabi_l2f
                0x00008b60                __floatdisf
 .text          0x00008bdc      0x2a0 d:/chipways/c2e/gnu tools arm embedded/5.4 2016q3/bin/../lib/gcc/arm-none-eabi/5.4.1/armv7-m\libgcc.a(_arm_muldivsf3.o)
                0x00008bdc                __mulsf3
                0x00008bdc                __aeabi_fmul
                0x00008d44                __aeabi_fdiv
                0x00008d44                __divsf3
 .text          0x00008e7c       0xec d:/chipways/c2e/gnu tools arm embedded/5.4 2016q3/bin/../lib/gcc/arm-none-eabi/5.4.1/armv7-m\libgcc.a(_arm_cmpsf2.o)
                0x00008e7c                __gesf2
                0x00008e7c                __gtsf2
                0x00008e84                __lesf2
                0x00008e84                __ltsf2
                0x00008e8c                __nesf2
                0x00008e8c                __eqsf2
                0x00008e8c                __cmpsf2
                0x00008eec                __aeabi_cfrcmple
                0x00008ef4                __aeabi_cfcmpeq
                0x00008ef4                __aeabi_cfcmple
                0x00008f04                __aeabi_fcmpeq
                0x00008f18                __aeabi_fcmplt
                0x00008f2c                __aeabi_fcmple
                0x00008f40                __aeabi_fcmpge
                0x00008f54                __aeabi_fcmpgt
 .text          0x00008f68       0x40 d:/chipways/c2e/gnu tools arm embedded/5.4 2016q3/bin/../lib/gcc/arm-none-eabi/5.4.1/armv7-m\libgcc.a(_arm_fixunssfsi.o)
                0x00008f68                __fixunssfsi
                0x00008f68                __aeabi_f2uiz
 .text          0x00008fa8       0xec d:/chipways/c2e/gnu tools arm embedded/5.4 2016q3/bin/../lib/gcc/arm-none-eabi/5.4.1/../../../../arm-none-eabi/lib/armv7-m\libg.a(lib_a-memcpy.o)
                0x00008fa8                memcpy
 *(.rodata)
 *(.rodata*)
 .rodata.os_task_config_table
                0x00009094      0x208 ./OS/Task.o
                0x00009094                os_task_config_table
 .rodata.LI0_response_error_signal
                0x0000929c        0x1 ./Lin_Stack/Lin_cfg/lin_cfg.o
                0x0000929c                LI0_response_error_signal
 .rodata.response_error_byte_offset
                0x0000929d        0x1 ./Lin_Stack/Lin_cfg/lin_cfg.o
                0x0000929d                response_error_byte_offset
 .rodata.response_error_bit_offset
                0x0000929e        0x1 ./Lin_Stack/Lin_cfg/lin_cfg.o
                0x0000929e                response_error_bit_offset
 *fill*         0x0000929f        0x1 
 .rodata.lin_frame_tbl
                0x000092a0       0x30 ./Lin_Stack/Lin_cfg/lin_cfg.o
                0x000092a0                lin_frame_tbl
 .rodata.lin_max_frame_res_timeout_val
                0x000092d0       0x10 ./Lin_Stack/Lin_cfg/lin_cfg.o
                0x000092d0                lin_max_frame_res_timeout_val
 .rodata.lin_initial_NAD
                0x000092e0        0x1 ./Lin_Stack/Lin_cfg/lin_cfg.o
                0x000092e0                lin_initial_NAD
 *fill*         0x000092e1        0x3 
 .rodata.product_id
                0x000092e4        0x6 ./Lin_Stack/Lin_cfg/lin_cfg.o
                0x000092e4                product_id
 .rodata.response_error
                0x000092ea        0x1 ./Lin_Stack/Lin_cfg/lin_cfg.o
                0x000092ea                response_error
 *fill*         0x000092eb        0x1 
 .rodata.lin_pid_cfg
                0x000092ec        0x4 ./Application/source/Lin/AppLin.o
                0x000092ec                lin_pid_cfg
 .rodata.diagServiceFlag
                0x000092f0        0x6 ./Application/source/Lin/LinDcm.o
 *fill*         0x000092f6        0x2 
 .rodata.Dcm_ServiceTable
                0x000092f8       0x48 ./Application/source/Lin/LinDcm.o
 .rodata.Dcm_ReadDidRow
                0x00009340       0x18 ./Application/source/Lin/LinDcm_Cfg.o
                0x00009340                Dcm_ReadDidRow
 .rodata.Dcm_WriteDidRow
                0x00009358       0x20 ./Application/source/Lin/LinDcm_Cfg.o
                0x00009358                Dcm_WriteDidRow
 .rodata.FlashValidAddr
                0x00009378        0x8 ./Application/source/Lin/LinDcm_Cfg.o
                0x00009378                FlashValidAddr
 .rodata.PRIO_TABLE_LIN
                0x00009380      0x1ba ./Application/source/002_ASW/switch_925.o
                0x00009380                PRIO_TABLE_LIN
 *fill*         0x0000953a        0x2 
 .rodata.PRIO_TABLE_SW
                0x0000953c      0x1ba ./Application/source/002_ASW/switch_925.o
                0x0000953c                PRIO_TABLE_SW
 *fill*         0x000096f6        0x2 
 .rodata.DECODE_TABLE
                0x000096f8       0x11 ./Application/source/002_ASW/switch_925.o
                0x000096f8                DECODE_TABLE
 *fill*         0x00009709        0x3 
 .rodata.CONVTAB
                0x0000970c        0x7 ./Application/source/002_ASW/switch_925.o
                0x0000970c                CONVTAB
 *fill*         0x00009713        0x1 
 .rodata.TAB_THERMO_VALUE
                0x00009714       0x40 ./Application/source/002_ASW/thermo.o
                0x00009714                TAB_THERMO_VALUE
 .rodata.TAB_THERMO_VALUE_BLOCK
                0x00009754       0x20 ./Application/source/002_ASW/thermo.o
                0x00009754                TAB_THERMO_VALUE_BLOCK
 .rodata._global_impure_ptr
                0x00009774        0x4 d:/chipways/c2e/gnu tools arm embedded/5.4 2016q3/bin/../lib/gcc/arm-none-eabi/5.4.1/../../../../arm-none-eabi/lib/armv7-m\libg.a(lib_a-impure.o)
                0x00009774                _global_impure_ptr
 *(.glue_7)
 .glue_7        0x00009778        0x0 linker stubs
 *(.glue_7t)
 .glue_7t       0x00009778        0x0 linker stubs
 *(.init)
 .init          0x00009778        0x4 d:/chipways/c2e/gnu tools arm embedded/5.4 2016q3/bin/../lib/gcc/arm-none-eabi/5.4.1/armv7-m/crti.o
                0x00009778                _init
 .init          0x0000977c        0x8 d:/chipways/c2e/gnu tools arm embedded/5.4 2016q3/bin/../lib/gcc/arm-none-eabi/5.4.1/armv7-m/crtn.o
 *(.fini)
 .fini          0x00009784        0x4 d:/chipways/c2e/gnu tools arm embedded/5.4 2016q3/bin/../lib/gcc/arm-none-eabi/5.4.1/armv7-m/crti.o
                0x00009784                _fini
 .fini          0x00009788        0x8 d:/chipways/c2e/gnu tools arm embedded/5.4 2016q3/bin/../lib/gcc/arm-none-eabi/5.4.1/armv7-m/crtn.o
                0x00009790                . = ALIGN (0x8)
                0x00009790                _etext = .

.vfp11_veneer   0x00009790        0x0
 .vfp11_veneer  0x00009790        0x0 linker stubs

.v4_bx          0x00009790        0x0
 .v4_bx         0x00009790        0x0 linker stubs

.iplt           0x00009790        0x0
 .iplt          0x00009790        0x0 d:/chipways/c2e/gnu tools arm embedded/5.4 2016q3/bin/../lib/gcc/arm-none-eabi/5.4.1/armv7-m/crtbegin.o

.text.Mem_Copy  0x00009790       0x48
 .text.Mem_Copy
                0x00009790       0x48 ./OS/OS.o

.text.Get_Bitposition
                0x000097d8       0x78
 .text.Get_Bitposition
                0x000097d8       0x78 ./OS/OS.o

.text.Os_Stack_Init
                0x00009850       0x20
 .text.Os_Stack_Init
                0x00009850       0x20 ./OS/OS.o

.text.Os_Idle_Task
                0x00009870        0xc
 .text.Os_Idle_Task
                0x00009870        0xc ./OS/OS.o

.text.Os_Init   0x0000987c      0x200
 .text.Os_Init  0x0000987c      0x200 ./OS/OS.o
                0x0000987c                Os_Init

.text.Os_Overload_Monitor
                0x00009a7c       0x28
 .text.Os_Overload_Monitor
                0x00009a7c       0x28 ./OS/OS.o
                0x00009a7c                Os_Overload_Monitor

.text.Os_Stack_Monitor
                0x00009aa4       0x24
 .text.Os_Stack_Monitor
                0x00009aa4       0x24 ./OS/OS.o
                0x00009aa4                Os_Stack_Monitor

.text.Sys_Tick_Timer_Start
                0x00009ac8       0x58
 .text.Sys_Tick_Timer_Start
                0x00009ac8       0x58 ./OS/OS.o
                0x00009ac8                Sys_Tick_Timer_Start

.text.Os_Start  0x00009b20       0xc0
 .text.Os_Start
                0x00009b20       0xc0 ./OS/OS.o
                0x00009b20                Os_Start

.text.Os_Schedule
                0x00009be0      0x128
 .text.Os_Schedule
                0x00009be0      0x128 ./OS/OS.o
                0x00009be0                Os_Schedule

.text.Os_Tick   0x00009d08      0x298
 .text.Os_Tick  0x00009d08      0x298 ./OS/OS.o
                0x00009d08                Os_Tick

.text.Os_Timer_Start_Periodic
                0x00009fa0      0x108
 .text.Os_Timer_Start_Periodic
                0x00009fa0      0x108 ./OS/OS.o
                0x00009fa0                Os_Timer_Start_Periodic

.text.Os_Message_Get
                0x0000a0a8       0xf8
 .text.Os_Message_Get
                0x0000a0a8       0xf8 ./OS/OS.o
                0x0000a0a8                Os_Message_Get

.text.Os_Event_Clear
                0x0000a1a0       0x5c
 .text.Os_Event_Clear
                0x0000a1a0       0x5c ./OS/OS.o
                0x0000a1a0                Os_Event_Clear

.text.Task_Ecum_Message_Handler
                0x0000a1fc       0x24
 .text.Task_Ecum_Message_Handler
                0x0000a1fc       0x24 ./OS/Task.o
                0x0000a1fc                Task_Ecum_Message_Handler

.text.Task_Lin_Message_Handler
                0x0000a220       0x24
 .text.Task_Lin_Message_Handler
                0x0000a220       0x24 ./OS/Task.o
                0x0000a220                Task_Lin_Message_Handler

.text.Task_ADC_Message_Handler
                0x0000a244       0x24
 .text.Task_ADC_Message_Handler
                0x0000a244       0x24 ./OS/Task.o
                0x0000a244                Task_ADC_Message_Handler

.text.Task_WDG_Message_Handler
                0x0000a268       0x24
 .text.Task_WDG_Message_Handler
                0x0000a268       0x24 ./OS/Task.o
                0x0000a268                Task_WDG_Message_Handler

.text.ld_init   0x0000a28c       0xf0
 .text.ld_init  0x0000a28c       0xf0 ./Lin_Stack/Lin_transport/lin_commontl_api.o
                0x0000a28c                ld_init

.text.ld_put_raw
                0x0000a37c       0x20
 .text.ld_put_raw
                0x0000a37c       0x20 ./Lin_Stack/Lin_transport/lin_commontl_api.o
                0x0000a37c                ld_put_raw

.text.ld_get_raw
                0x0000a39c       0x20
 .text.ld_get_raw
                0x0000a39c       0x20 ./Lin_Stack/Lin_transport/lin_commontl_api.o
                0x0000a39c                ld_get_raw

.text.ld_send_message
                0x0000a3bc      0x288
 .text.ld_send_message
                0x0000a3bc      0x288 ./Lin_Stack/Lin_transport/lin_commontl_api.o
                0x0000a3bc                ld_send_message

.text.ld_receive_message
                0x0000a644      0x1b0
 .text.ld_receive_message
                0x0000a644      0x1b0 ./Lin_Stack/Lin_transport/lin_commontl_api.o
                0x0000a644                ld_receive_message

.text.ld_tx_status
                0x0000a7f4       0x14
 .text.ld_tx_status
                0x0000a7f4       0x14 ./Lin_Stack/Lin_transport/lin_commontl_api.o
                0x0000a7f4                ld_tx_status

.text.ld_rx_status
                0x0000a808       0x14
 .text.ld_rx_status
                0x0000a808       0x14 ./Lin_Stack/Lin_transport/lin_commontl_api.o
                0x0000a808                ld_rx_status

.text.lin_tl_make_slaveres_pdu
                0x0000a81c      0x1e0
 .text.lin_tl_make_slaveres_pdu
                0x0000a81c      0x1e0 ./Lin_Stack/Lin_transport/lin_commontl_proto.o
                0x0000a81c                lin_tl_make_slaveres_pdu

.text.lin_tl_get_pdu
                0x0000a9fc       0x48
 .text.lin_tl_get_pdu
                0x0000a9fc       0x48 ./Lin_Stack/Lin_transport/lin_commontl_proto.o
                0x0000a9fc                lin_tl_get_pdu

.text.lin_process_pdu
                0x0000aa44      0x230
 .text.lin_process_pdu
                0x0000aa44      0x230 ./Lin_Stack/Lin_transport/lin_commontl_proto.o

.text.lin_tl_handler
                0x0000ac74      0x148
 .text.lin_tl_handler
                0x0000ac74      0x148 ./Lin_Stack/Lin_transport/lin_commontl_proto.o
                0x0000ac74                lin_tl_handler

.text.lin_tl_attach_service
                0x0000adbc      0x16c
 .text.lin_tl_attach_service
                0x0000adbc      0x16c ./Lin_Stack/Lin_transport/lin_commontl_proto.o
                0x0000adbc                lin_tl_attach_service

.text.tl_put_raw
                0x0000af28       0xb8
 .text.tl_put_raw
                0x0000af28       0xb8 ./Lin_Stack/Lin_transport/lin_commontl_proto.o
                0x0000af28                tl_put_raw

.text.tl_get_raw
                0x0000afe0       0xc8
 .text.tl_get_raw
                0x0000afe0       0xc8 ./Lin_Stack/Lin_transport/lin_commontl_proto.o
                0x0000afe0                tl_get_raw

.text.diag_get_flag
                0x0000b0a8       0x28
 .text.diag_get_flag
                0x0000b0a8       0x28 ./Lin_Stack/Lin_transport/lin_lin21tl_api.o
                0x0000b0a8                diag_get_flag

.text.diag_clear_flag
                0x0000b0d0       0x28
 .text.diag_clear_flag
                0x0000b0d0       0x28 ./Lin_Stack/Lin_transport/lin_lin21tl_api.o
                0x0000b0d0                diag_clear_flag

.text.lin_lld_init
                0x0000b0f8       0x10
 .text.lin_lld_init
                0x0000b0f8       0x10 ./Lin_Stack/Lin_lowlevel/lin.o
                0x0000b0f8                lin_lld_init

.text.lin_lld_deinit
                0x0000b108       0x10
 .text.lin_lld_deinit
                0x0000b108       0x10 ./Lin_Stack/Lin_lowlevel/lin.o
                0x0000b108                lin_lld_deinit

.text.lin_lld_get_state
                0x0000b118       0x1c
 .text.lin_lld_get_state
                0x0000b118       0x1c ./Lin_Stack/Lin_lowlevel/lin.o
                0x0000b118                lin_lld_get_state

.text.lin_lld_ignore_response
                0x0000b134        0xc
 .text.lin_lld_ignore_response
                0x0000b134        0xc ./Lin_Stack/Lin_lowlevel/lin.o
                0x0000b134                lin_lld_ignore_response

.text.lin_lld_set_low_power_mode
                0x0000b140        0xc
 .text.lin_lld_set_low_power_mode
                0x0000b140        0xc ./Lin_Stack/Lin_lowlevel/lin.o
                0x0000b140                lin_lld_set_low_power_mode

.text.lin_lld_set_response
                0x0000b14c       0x38
 .text.lin_lld_set_response
                0x0000b14c       0x38 ./Lin_Stack/Lin_lowlevel/lin.o
                0x0000b14c                lin_lld_set_response

.text.lin_lld_rx_response
                0x0000b184       0x1c
 .text.lin_lld_rx_response
                0x0000b184       0x1c ./Lin_Stack/Lin_lowlevel/lin.o
                0x0000b184                lin_lld_rx_response

.text.lin_process_parity
                0x0000b1a0       0xa0
 .text.lin_process_parity
                0x0000b1a0       0xa0 ./Lin_Stack/Lin_lowlevel/lin.o
                0x0000b1a0                lin_process_parity

.text.lin_checksum
                0x0000b240       0x68
 .text.lin_checksum
                0x0000b240       0x68 ./Lin_Stack/Lin_lowlevel/lin.o
                0x0000b240                lin_checksum

.text.lin_lld_timer_init
                0x0000b2a8        0xc
 .text.lin_lld_timer_init
                0x0000b2a8        0xc ./Lin_Stack/Lin_lowlevel/lin.o
                0x0000b2a8                lin_lld_timer_init

.text.UART0_IRQHandler
                0x0000b2b4        0xc
 .text.UART0_IRQHandler
                0x0000b2b4        0xc ./Lin_Stack/Lin_driver/lin_isr.o
                0x0000b2b4                UART0_IRQHandler

.text.FTM2_IRQHandler
                0x0000b2c0       0x2c
 .text.FTM2_IRQHandler
                0x0000b2c0       0x2c ./Lin_Stack/Lin_driver/lin_isr.o
                0x0000b2c0                FTM2_IRQHandler

.text.EXTI7_IRQHandler
                0x0000b2ec       0x38
 .text.EXTI7_IRQHandler
                0x0000b2ec       0x38 ./Lin_Stack/Lin_driver/lin_isr.o
                0x0000b2ec                EXTI7_IRQHandler

.text.lin_lld_timer_K_init
                0x0000b328      0x108
 .text.lin_lld_timer_K_init
                0x0000b328      0x108 ./Lin_Stack/Lin_driver/lin_lld_timesrv.o
                0x0000b328                lin_lld_timer_K_init

.text.lin_lld_timer_isr
                0x0000b430        0xc
 .text.lin_lld_timer_isr
                0x0000b430        0xc ./Lin_Stack/Lin_driver/lin_lld_timesrv.o
                0x0000b430                lin_lld_timer_isr

.text.lin_lld_uart_init
                0x0000b43c      0x1dc
 .text.lin_lld_uart_init
                0x0000b43c      0x1dc ./Lin_Stack/Lin_driver/lin_lld_uart.o
                0x0000b43c                lin_lld_uart_init

.text.lin_lld_uart_deinit
                0x0000b618       0x30
 .text.lin_lld_uart_deinit
                0x0000b618       0x30 ./Lin_Stack/Lin_driver/lin_lld_uart.o
                0x0000b618                lin_lld_uart_deinit

.text.lin_lld_uart_int_disable
                0x0000b648       0x5c
 .text.lin_lld_uart_int_disable
                0x0000b648       0x5c ./Lin_Stack/Lin_driver/lin_lld_uart.o
                0x0000b648                lin_lld_uart_int_disable

.text.lin_lld_uart_ignore_response
                0x0000b6a4        0xc
 .text.lin_lld_uart_ignore_response
                0x0000b6a4        0xc ./Lin_Stack/Lin_driver/lin_lld_uart.o
                0x0000b6a4                lin_lld_uart_ignore_response

.text.lin_lld_uart_set_low_power_mode
                0x0000b6b0       0x18
 .text.lin_lld_uart_set_low_power_mode
                0x0000b6b0       0x18 ./Lin_Stack/Lin_driver/lin_lld_uart.o
                0x0000b6b0                lin_lld_uart_set_low_power_mode

.text.lin_lld_uart_rx_response
                0x0000b6c8       0x40
 .text.lin_lld_uart_rx_response
                0x0000b6c8       0x40 ./Lin_Stack/Lin_driver/lin_lld_uart.o
                0x0000b6c8                lin_lld_uart_rx_response

.text.lin_lld_uart_tx_response
                0x0000b708       0x58
 .text.lin_lld_uart_tx_response
                0x0000b708       0x58 ./Lin_Stack/Lin_driver/lin_lld_uart.o
                0x0000b708                lin_lld_uart_tx_response

.text.lin_lld_uart_get_state
                0x0000b760       0x14
 .text.lin_lld_uart_get_state
                0x0000b760       0x14 ./Lin_Stack/Lin_driver/lin_lld_uart.o
                0x0000b760                lin_lld_uart_get_state

.text.lin_lld_uart_timeout
                0x0000b774      0x18c
 .text.lin_lld_uart_timeout
                0x0000b774      0x18c ./Lin_Stack/Lin_driver/lin_lld_uart.o
                0x0000b774                lin_lld_uart_timeout

.text.lin_goto_idle_state
                0x0000b900       0x48
 .text.lin_goto_idle_state
                0x0000b900       0x48 ./Lin_Stack/Lin_driver/lin_lld_uart.o
                0x0000b900                lin_goto_idle_state

.text.lin_lld_uart_rx_isr
                0x0000b948      0x410
 .text.lin_lld_uart_rx_isr
                0x0000b948      0x410 ./Lin_Stack/Lin_driver/lin_lld_uart.o
                0x0000b948                lin_lld_uart_rx_isr

.text.lin_diagservice_assign_frame_id_range
                0x0000bd58       0xf4
 .text.lin_diagservice_assign_frame_id_range
                0x0000bd58       0xf4 ./Lin_Stack/Lin_diagnostic/lin_diagnostic_service.o
                0x0000bd58                lin_diagservice_assign_frame_id_range

.text.lin_diagservice_read_by_identifier
                0x0000be4c       0xe0
 .text.lin_diagservice_read_by_identifier
                0x0000be4c       0xe0 ./Lin_Stack/Lin_diagnostic/lin_diagnostic_service.o
                0x0000be4c                lin_diagservice_read_by_identifier

.text.lin_condittional_change_nad
                0x0000bf2c       0x8c
 .text.lin_condittional_change_nad
                0x0000bf2c       0x8c ./Lin_Stack/Lin_diagnostic/lin_diagnostic_service.o
                0x0000bf2c                lin_condittional_change_nad

.text.lin_diagsrv_functional_service
                0x0000bfb8       0x1c
 .text.lin_diagsrv_functional_service
                0x0000bfb8       0x1c ./Lin_Stack/Lin_diagnostic/lin_diagnostic_service.o
                0x0000bfb8                lin_diagsrv_functional_service

.text.l_sys_init
                0x0000bfd4       0x10
 .text.l_sys_init
                0x0000bfd4       0x10 ./Lin_Stack/Lin_core/lin_common_api.o
                0x0000bfd4                l_sys_init

.text.l_ifc_init
                0x0000bfe4       0x18
 .text.l_ifc_init
                0x0000bfe4       0x18 ./Lin_Stack/Lin_core/lin_common_api.o
                0x0000bfe4                l_ifc_init

.text.lin_pid_response_callback_handler
                0x0000bffc       0x64
 .text.lin_pid_response_callback_handler
                0x0000bffc       0x64 ./Lin_Stack/Lin_core/lin_common_proto.o
                0x0000bffc                lin_pid_response_callback_handler

.text.lin_process_pid
                0x0000c060      0x124
 .text.lin_process_pid
                0x0000c060      0x124 ./Lin_Stack/Lin_core/lin_common_proto.o
                0x0000c060                lin_process_pid

.text.lin_update_rx
                0x0000c184       0xc4
 .text.lin_update_rx
                0x0000c184       0xc4 ./Lin_Stack/Lin_core/lin_common_proto.o
                0x0000c184                lin_update_rx

.text.lin_update_tx
                0x0000c248       0xb4
 .text.lin_update_tx
                0x0000c248       0xb4 ./Lin_Stack/Lin_core/lin_common_proto.o
                0x0000c248                lin_update_tx

.text.lin_handle_error
                0x0000c2fc       0xd0
 .text.lin_handle_error
                0x0000c2fc       0xd0 ./Lin_Stack/Lin_core/lin_common_proto.o
                0x0000c2fc                lin_handle_error

.text.lin_bus_activity_timeout
                0x0000c3cc       0x20
 .text.lin_bus_activity_timeout
                0x0000c3cc       0x20 ./Lin_Stack/Lin_core/lin_common_proto.o
                0x0000c3cc                lin_bus_activity_timeout

.text.lin_update_tx_flags
                0x0000c3ec       0x7c
 .text.lin_update_tx_flags
                0x0000c3ec       0x7c ./Lin_Stack/Lin_core/lin_common_proto.o
                0x0000c3ec                lin_update_tx_flags

.text.lin_update_rx_diag_frame
                0x0000c468       0x30
 .text.lin_update_rx_diag_frame
                0x0000c468       0x30 ./Lin_Stack/Lin_core/lin_common_proto.o
                0x0000c468                lin_update_rx_diag_frame

.text.lin_make_res_diag_frame
                0x0000c498        0xc
 .text.lin_make_res_diag_frame
                0x0000c498        0xc ./Lin_Stack/Lin_core/lin_common_proto.o
                0x0000c498                lin_make_res_diag_frame

.text.lin_get_frame_index
                0x0000c4a4       0x40
 .text.lin_get_frame_index
                0x0000c4a4       0x40 ./Lin_Stack/Lin_core/lin_common_proto.o
                0x0000c4a4                lin_get_frame_index

.text.lin_process_uncd_frame
                0x0000c4e4      0x100
 .text.lin_process_uncd_frame
                0x0000c4e4      0x100 ./Lin_Stack/Lin_core/lin_common_proto.o
                0x0000c4e4                lin_process_uncd_frame

.text.lin_update_word_status_lin21
                0x0000c5e4       0x7c
 .text.lin_update_word_status_lin21
                0x0000c5e4       0x7c ./Lin_Stack/Lin_core/lin_lin21_proto.o
                0x0000c5e4                lin_update_word_status_lin21

.text.lin_update_err_signal
                0x0000c660       0x5c
 .text.lin_update_err_signal
                0x0000c660       0x5c ./Lin_Stack/Lin_core/lin_lin21_proto.o
                0x0000c660                lin_update_err_signal

.text.lin_make_res_evnt_frame
                0x0000c6bc       0x34
 .text.lin_make_res_evnt_frame
                0x0000c6bc       0x34 ./Lin_Stack/Lin_core/lin_lin21_proto.o
                0x0000c6bc                lin_make_res_evnt_frame

.text.ld_read_by_id_callout
                0x0000c6f0       0x60
 .text.ld_read_by_id_callout
                0x0000c6f0       0x60 ./Lin_Stack/Lin_cfg/lin_cfg.o
                0x0000c6f0                ld_read_by_id_callout

.text.ADC_Init  0x0000c750       0x84
 .text.ADC_Init
                0x0000c750       0x84 ./Driver/source/xl_adc.o
                0x0000c750                ADC_Init

.text.ADC_FIFOConfig
                0x0000c7d4       0x48
 .text.ADC_FIFOConfig
                0x0000c7d4       0x48 ./Driver/source/xl_adc.o
                0x0000c7d4                ADC_FIFOConfig

.text.ADC_EnableCmd
                0x0000c81c       0x38
 .text.ADC_EnableCmd
                0x0000c81c       0x38 ./Driver/source/xl_adc.o
                0x0000c81c                ADC_EnableCmd

.text.ADC_SetTriggerMode
                0x0000c854       0x38
 .text.ADC_SetTriggerMode
                0x0000c854       0x38 ./Driver/source/xl_adc.o
                0x0000c854                ADC_SetTriggerMode

.text.ADC_SetConventionMode
                0x0000c88c       0x38
 .text.ADC_SetConventionMode
                0x0000c88c       0x38 ./Driver/source/xl_adc.o
                0x0000c88c                ADC_SetConventionMode

.text.ADC_SetChannel
                0x0000c8c4       0x20
 .text.ADC_SetChannel
                0x0000c8c4       0x20 ./Driver/source/xl_adc.o
                0x0000c8c4                ADC_SetChannel

.text.ADC_InterruptEn
                0x0000c8e4       0x38
 .text.ADC_InterruptEn
                0x0000c8e4       0x38 ./Driver/source/xl_adc.o
                0x0000c8e4                ADC_InterruptEn

.text.ADC_GetConversionValue
                0x0000c91c       0x20
 .text.ADC_GetConversionValue
                0x0000c91c       0x20 ./Driver/source/xl_adc.o
                0x0000c91c                ADC_GetConversionValue

.text.ADC_GetFIFOValueCounter
                0x0000c93c       0x20
 .text.ADC_GetFIFOValueCounter
                0x0000c93c       0x20 ./Driver/source/xl_adc.o
                0x0000c93c                ADC_GetFIFOValueCounter

.text.FTM_WriteProtectDisable
                0x0000c95c       0x20
 .text.FTM_WriteProtectDisable
                0x0000c95c       0x20 ./Driver/source/xl_ftm.o
                0x0000c95c                FTM_WriteProtectDisable

.text.FTM_Init  0x0000c97c       0x38
 .text.FTM_Init
                0x0000c97c       0x38 ./Driver/source/xl_ftm.o
                0x0000c97c                FTM_Init

.text.FTM_InputCaptureInit
                0x0000c9b4       0x64
 .text.FTM_InputCaptureInit
                0x0000c9b4       0x64 ./Driver/source/xl_ftm.o
                0x0000c9b4                FTM_InputCaptureInit

.text.FTM_OverflowITCmd
                0x0000ca18       0x50
 .text.FTM_OverflowITCmd
                0x0000ca18       0x50 ./Driver/source/xl_ftm.o
                0x0000ca18                FTM_OverflowITCmd

.text.FTM_GetOverFlowFlag
                0x0000ca68       0x24
 .text.FTM_GetOverFlowFlag
                0x0000ca68       0x24 ./Driver/source/xl_ftm.o
                0x0000ca68                FTM_GetOverFlowFlag

.text.FTM_ClrOverFlowFlag
                0x0000ca8c       0x2c
 .text.FTM_ClrOverFlowFlag
                0x0000ca8c       0x2c ./Driver/source/xl_ftm.o
                0x0000ca8c                FTM_ClrOverFlowFlag

.text.FTM_SetModValue
                0x0000cab8       0x24
 .text.FTM_SetModValue
                0x0000cab8       0x24 ./Driver/source/xl_ftm.o
                0x0000cab8                FTM_SetModValue

.text.FTM_SetCountInitValue
                0x0000cadc       0x1c
 .text.FTM_SetCountInitValue
                0x0000cadc       0x1c ./Driver/source/xl_ftm.o
                0x0000cadc                FTM_SetCountInitValue

.text.FTM_ChannelIntCmd
                0x0000caf8       0x5c
 .text.FTM_ChannelIntCmd
                0x0000caf8       0x5c ./Driver/source/xl_ftm.o
                0x0000caf8                FTM_ChannelIntCmd

.text.FTM_GetChannelFlag
                0x0000cb54       0x30
 .text.FTM_GetChannelFlag
                0x0000cb54       0x30 ./Driver/source/xl_ftm.o
                0x0000cb54                FTM_GetChannelFlag

.text.FTM_ClrChannelFlag
                0x0000cb84       0x40
 .text.FTM_ClrChannelFlag
                0x0000cb84       0x40 ./Driver/source/xl_ftm.o
                0x0000cb84                FTM_ClrChannelFlag

.text.FTM_GetChannelValue
                0x0000cbc4       0x24
 .text.FTM_GetChannelValue
                0x0000cbc4       0x24 ./Driver/source/xl_ftm.o
                0x0000cbc4                FTM_GetChannelValue

.text.GPIO_SetPinDir
                0x0000cbe8      0x21c
 .text.GPIO_SetPinDir
                0x0000cbe8      0x21c ./Driver/source/xl_gpio.o
                0x0000cbe8                GPIO_SetPinDir

.text.GPIO_SetPin
                0x0000ce04       0x78
 .text.GPIO_SetPin
                0x0000ce04       0x78 ./Driver/source/xl_gpio.o
                0x0000ce04                GPIO_SetPin

.text.GPIO_ClrPin
                0x0000ce7c       0x78
 .text.GPIO_ClrPin
                0x0000ce7c       0x78 ./Driver/source/xl_gpio.o
                0x0000ce7c                GPIO_ClrPin

.text.GPIO_ReadPin
                0x0000cef4       0x90
 .text.GPIO_ReadPin
                0x0000cef4       0x90 ./Driver/source/xl_gpio.o
                0x0000cef4                GPIO_ReadPin

.text.ICS_ClocksSelect
                0x0000cf84       0x3c
 .text.ICS_ClocksSelect
                0x0000cf84       0x3c ./Driver/source/xl_ics.o
                0x0000cf84                ICS_ClocksSelect

.text.ICS_GetBaseDivider
                0x0000cfc0       0x2c
 .text.ICS_GetBaseDivider
                0x0000cfc0       0x2c ./Driver/source/xl_ics.o
                0x0000cfc0                ICS_GetBaseDivider

.text.ICS_GetBaseDivider2
                0x0000cfec       0x30
 .text.ICS_GetBaseDivider2
                0x0000cfec       0x30 ./Driver/source/xl_ics.o
                0x0000cfec                ICS_GetBaseDivider2

.text.ICS_IREFSSelect
                0x0000d01c       0x3c
 .text.ICS_IREFSSelect
                0x0000d01c       0x3c ./Driver/source/xl_ics.o
                0x0000d01c                ICS_IREFSSelect

.text.ICS_IRCEnableCmd
                0x0000d058       0x48
 .text.ICS_IRCEnableCmd
                0x0000d058       0x48 ./Driver/source/xl_ics.o
                0x0000d058                ICS_IRCEnableCmd

.text.ICS_IREFStopEnableCmd
                0x0000d0a0       0x48
 .text.ICS_IREFStopEnableCmd
                0x0000d0a0       0x48 ./Driver/source/xl_ics.o
                0x0000d0a0                ICS_IREFStopEnableCmd

.text.ICS_GetBusDivder
                0x0000d0e8       0x1c
 .text.ICS_GetBusDivder
                0x0000d0e8       0x1c ./Driver/source/xl_ics.o
                0x0000d0e8                ICS_GetBusDivder

.text.ICS_FllLPModeStopEnableCmd
                0x0000d104       0x48
 .text.ICS_FllLPModeStopEnableCmd
                0x0000d104       0x48 ./Driver/source/xl_ics.o
                0x0000d104                ICS_FllLPModeStopEnableCmd

.text.ICS_FllStopModeCloseEnableCmd
                0x0000d14c       0x48
 .text.ICS_FllStopModeCloseEnableCmd
                0x0000d14c       0x48 ./Driver/source/xl_ics.o
                0x0000d14c                ICS_FllStopModeCloseEnableCmd

.text.ICS_IRCSelect
                0x0000d194       0x44
 .text.ICS_IRCSelect
                0x0000d194       0x44 ./Driver/source/xl_ics.o
                0x0000d194                ICS_IRCSelect

.text.ICS_FllFactorSelect
                0x0000d1d8       0x40
 .text.ICS_FllFactorSelect
                0x0000d1d8       0x40 ./Driver/source/xl_ics.o
                0x0000d1d8                ICS_FllFactorSelect

.text.ICS_GetStatus
                0x0000d218       0x38
 .text.ICS_GetStatus
                0x0000d218       0x38 ./Driver/source/xl_ics.o
                0x0000d218                ICS_GetStatus

.text.ICS_GetIREFSSelect
                0x0000d250       0x30
 .text.ICS_GetIREFSSelect
                0x0000d250       0x30 ./Driver/source/xl_ics.o
                0x0000d250                ICS_GetIREFSSelect

.text.ICS_GetIRCFre
                0x0000d280       0x30
 .text.ICS_GetIRCFre
                0x0000d280       0x30 ./Driver/source/xl_ics.o
                0x0000d280                ICS_GetIRCFre

.text.ICS_GetFLLMultiple
                0x0000d2b0       0x30
 .text.ICS_GetFLLMultiple
                0x0000d2b0       0x30 ./Driver/source/xl_ics.o
                0x0000d2b0                ICS_GetFLLMultiple

.text.IRQ_Init  0x0000d2e0       0x44
 .text.IRQ_Init
                0x0000d2e0       0x44 ./Driver/source/xl_irq.o
                0x0000d2e0                IRQ_Init

.text.IRQ_PullDevDisableCmd
                0x0000d324       0x4c
 .text.IRQ_PullDevDisableCmd
                0x0000d324       0x4c ./Driver/source/xl_irq.o
                0x0000d324                IRQ_PullDevDisableCmd

.text.IRQ_PinEnableCmd
                0x0000d370       0x4c
 .text.IRQ_PinEnableCmd
                0x0000d370       0x4c ./Driver/source/xl_irq.o
                0x0000d370                IRQ_PinEnableCmd

.text.IRQ_InterruptEn
                0x0000d3bc       0x60
 .text.IRQ_InterruptEn
                0x0000d3bc       0x60 ./Driver/source/xl_irq.o
                0x0000d3bc                IRQ_InterruptEn

.text.IRQ_GetFlag
                0x0000d41c       0x2c
 .text.IRQ_GetFlag
                0x0000d41c       0x2c ./Driver/source/xl_irq.o
                0x0000d41c                IRQ_GetFlag

.text.IRQ_ClrFlag
                0x0000d448       0x2c
 .text.IRQ_ClrFlag
                0x0000d448       0x2c ./Driver/source/xl_irq.o
                0x0000d448                IRQ_ClrFlag

.text.NVIC_PriorityGroupConfig
                0x0000d474       0x24
 .text.NVIC_PriorityGroupConfig
                0x0000d474       0x24 ./Driver/source/xl_nvic.o
                0x0000d474                NVIC_PriorityGroupConfig

.text.NVIC_Init
                0x0000d498       0xc4
 .text.NVIC_Init
                0x0000d498       0xc4 ./Driver/source/xl_nvic.o
                0x0000d498                NVIC_Init

.text.NVIC_SystemLPConfig
                0x0000d55c       0x40
 .text.NVIC_SystemLPConfig
                0x0000d55c       0x40 ./Driver/source/xl_nvic.o
                0x0000d55c                NVIC_SystemLPConfig

.text.SysTick_CLKSourceConfig
                0x0000d59c       0x38
 .text.SysTick_CLKSourceConfig
                0x0000d59c       0x38 ./Driver/source/xl_nvic.o
                0x0000d59c                SysTick_CLKSourceConfig

.text.OSC_GetRange
                0x0000d5d4       0x30
 .text.OSC_GetRange
                0x0000d5d4       0x30 ./Driver/source/xl_osc.o
                0x0000d5d4                OSC_GetRange

.text.PORT_IOFLT0Config
                0x0000d604       0x74
 .text.PORT_IOFLT0Config
                0x0000d604       0x74 ./Driver/source/xl_port.o
                0x0000d604                PORT_IOFLT0Config

.text.PORT_IOFLT1Config
                0x0000d678       0x68
 .text.PORT_IOFLT1Config
                0x0000d678       0x68 ./Driver/source/xl_port.o
                0x0000d678                PORT_IOFLT1Config

.text.SIM_PINSEL_UART0
                0x0000d6e0       0x3c
 .text.SIM_PINSEL_UART0
                0x0000d6e0       0x3c ./Driver/source/xl_sim.o
                0x0000d6e0                SIM_PINSEL_UART0

.text.SIM_PINSEL_FTM1CH0
                0x0000d71c       0x3c
 .text.SIM_PINSEL_FTM1CH0
                0x0000d71c       0x3c ./Driver/source/xl_sim.o
                0x0000d71c                SIM_PINSEL_FTM1CH0

.text.SIM_PINSEL_IRQ
                0x0000d758       0x3c
 .text.SIM_PINSEL_IRQ
                0x0000d758       0x3c ./Driver/source/xl_sim.o
                0x0000d758                SIM_PINSEL_IRQ

.text.SIM_SCGC_Cmd
                0x0000d794       0x44
 .text.SIM_SCGC_Cmd
                0x0000d794       0x44 ./Driver/source/xl_sim.o
                0x0000d794                SIM_SCGC_Cmd

.text.SIM_SCGC1_Cmd
                0x0000d7d8       0x44
 .text.SIM_SCGC1_Cmd
                0x0000d7d8       0x44 ./Driver/source/xl_sim.o
                0x0000d7d8                SIM_SCGC1_Cmd

.text.SIM_CLKDIV_OUTDIV2
                0x0000d81c       0x3c
 .text.SIM_CLKDIV_OUTDIV2
                0x0000d81c       0x3c ./Driver/source/xl_sim.o
                0x0000d81c                SIM_CLKDIV_OUTDIV2

.text.SIM_GetOUTDIV1
                0x0000d858       0x18
 .text.SIM_GetOUTDIV1
                0x0000d858       0x18 ./Driver/source/xl_sim.o
                0x0000d858                SIM_GetOUTDIV1

.text.SIM_GetOUTDIV2
                0x0000d870       0x1c
 .text.SIM_GetOUTDIV2
                0x0000d870       0x1c ./Driver/source/xl_sim.o
                0x0000d870                SIM_GetOUTDIV2

.text.SIM_GetOUTDIV3
                0x0000d88c       0x1c
 .text.SIM_GetOUTDIV3
                0x0000d88c       0x1c ./Driver/source/xl_sim.o
                0x0000d88c                SIM_GetOUTDIV3

.text.SIM_GetOUTDIV4
                0x0000d8a8       0x1c
 .text.SIM_GetOUTDIV4
                0x0000d8a8       0x1c ./Driver/source/xl_sim.o
                0x0000d8a8                SIM_GetOUTDIV4

.text.WDOG_DeInit
                0x0000d8c4       0x18
 .text.WDOG_DeInit
                0x0000d8c4       0x18 ./Driver/source/xl_wdog.o
                0x0000d8c4                WDOG_DeInit

.text.WDOG_Init
                0x0000d8dc       0x90
 .text.WDOG_Init
                0x0000d8dc       0x90 ./Driver/source/xl_wdog.o
                0x0000d8dc                WDOG_Init

.text.WDOG_EnableCmd
                0x0000d96c       0x38
 .text.WDOG_EnableCmd
                0x0000d96c       0x38 ./Driver/source/xl_wdog.o
                0x0000d96c                WDOG_EnableCmd

.text.WDOG_SetTimeoutPeriod
                0x0000d9a4       0x30
 .text.WDOG_SetTimeoutPeriod
                0x0000d9a4       0x30 ./Driver/source/xl_wdog.o
                0x0000d9a4                WDOG_SetTimeoutPeriod

.text.WDOG_CountRestart
                0x0000d9d4       0x18
 .text.WDOG_CountRestart
                0x0000d9d4       0x18 ./Driver/source/xl_wdog.o
                0x0000d9d4                WDOG_CountRestart

.text.WDOG_ClrInt
                0x0000d9ec       0x18
 .text.WDOG_ClrInt
                0x0000d9ec       0x18 ./Driver/source/xl_wdog.o
                0x0000d9ec                WDOG_ClrInt

.text.Reset_Handler
                0x0000da04       0x74
 .text.Reset_Handler
                0x0000da04       0x74 ./Cmsis/Startup/startup_XL6600.o
                0x0000da04                Reset_Handler

.text.Default_Handler
                0x0000da78        0x2
 .text.Default_Handler
                0x0000da78        0x2 ./Cmsis/Startup/startup_XL6600.o
                0x0000da78                Reserved18_IRQHandler
                0x0000da78                Reserved16_IRQHandler
                0x0000da78                EXTI5_IRQHandler
                0x0000da78                I2C0_IRQHandler
                0x0000da78                EXTI13_IRQHandler
                0x0000da78                EXTI12_IRQHandler
                0x0000da78                EXTI3_IRQHandler
                0x0000da78                I2C1_IRQHandler
                0x0000da78                Reserved19_IRQHandler
                0x0000da78                UART1_IRQHandler
                0x0000da78                Reserved42_IRQHandler
                0x0000da78                EXTI0_IRQHandler
                0x0000da78                SPI1_IRQHandler
                0x0000da78                MCAN_IRQHandler
                0x0000da78                EXTI15_IRQHandler
                0x0000da78                RTC_IRQHandler
                0x0000da78                EXTI9_IRQHandler
                0x0000da78                Reserved21_IRQHandler
                0x0000da78                EWM_IRQHandler
                0x0000da78                UART2_IRQHandler
                0x0000da78                PIT_CH0_IRQHandler
                0x0000da78                Reserved20_IRQHandler
                0x0000da78                Default_Handler
                0x0000da78                Reserved17_IRQHandler
                0x0000da78                ACMP0_IRQHandler
                0x0000da78                PWT_IRQHandler
                0x0000da78                EXTI14_IRQHandler
                0x0000da78                EXTI11_IRQHandler
                0x0000da78                EXTI4_IRQHandler
                0x0000da78                ICS_IRQHandler
                0x0000da78                PIT_CH1_IRQHandler
                0x0000da78                KBI0_IRQHandler
                0x0000da78                PMC_IRQHandler
                0x0000da78                EXTI1_IRQHandler
                0x0000da78                SPI0_IRQHandler
                0x0000da78                FTM0_IRQHandler
                0x0000da78                DMA_IRQHandler
                0x0000da78                WDOG_IRQHandler
                0x0000da78                ACMP1_IRQHandler
                0x0000da78                EXTI10_IRQHandler
                0x0000da78                FMC_IRQHandler
                0x0000da78                KBI1_IRQHandler
                0x0000da78                EXTI6_IRQHandler

.text.SystemInit
                0x0000da7c       0x6c
 .text.SystemInit
                0x0000da7c       0x6c ./Cmsis/Startup/system_XL6600.o
                0x0000da7c                SystemInit

.text.SystemSetFEI
                0x0000dae8      0x230
 .text.SystemSetFEI
                0x0000dae8      0x21c ./Cmsis/Startup/system_XL6600.o
                0x0000dae8                SystemSetFEI
 *fill*         0x0000dd04        0x4 
 .text.SystemSetFEI.__stub
                0x0000dd08       0x10 linker stubs

.text.Get_FllOutClock
                0x0000dd18       0xd4
 .text.Get_FllOutClock
                0x0000dd18       0xd4 ./Cmsis/Startup/system_XL6600.o

.text.Get_ICSOUTClock
                0x0000ddec       0x28
 .text.Get_ICSOUTClock
                0x0000ddec       0x28 ./Cmsis/Startup/system_XL6600.o
                0x0000ddec                Get_ICSOUTClock

.text.Get_SystemCoreClock
                0x0000de14       0x28
 .text.Get_SystemCoreClock
                0x0000de14       0x28 ./Cmsis/Startup/system_XL6600.o
                0x0000de14                Get_SystemCoreClock

.text.Get_FTM_PWT_Clock
                0x0000de3c       0x28
 .text.Get_FTM_PWT_Clock
                0x0000de3c       0x28 ./Cmsis/Startup/system_XL6600.o
                0x0000de3c                Get_FTM_PWT_Clock

.text.Get_BusClock
                0x0000de64       0x28
 .text.Get_BusClock
                0x0000de64       0x28 ./Cmsis/Startup/system_XL6600.o
                0x0000de64                Get_BusClock

.text.Get_PeripheralClock
                0x0000de8c       0x28
 .text.Get_PeripheralClock
                0x0000de8c       0x28 ./Cmsis/Startup/system_XL6600.o
                0x0000de8c                Get_PeripheralClock

.text.Task_Lin_Handler
                0x0000deb4       0x1c
 .text.Task_Lin_Handler
                0x0000deb4       0x1c ./Application/source/Lin/AppLin.o
                0x0000deb4                Task_Lin_Handler

.text.lin_nad_pid_init
                0x0000ded0       0x48
 .text.lin_nad_pid_init
                0x0000ded0       0x48 ./Application/source/Lin/AppLin.o

.text.lin_stack_init
                0x0000df18       0x34
 .text.lin_stack_init
                0x0000df18       0x34 ./Application/source/Lin/AppLin.o
                0x0000df18                lin_stack_init

.text.lin_network_sleep_state_get
                0x0000df4c       0x28
 .text.lin_network_sleep_state_get
                0x0000df4c       0x28 ./Application/source/Lin/AppLin.o
                0x0000df4c                lin_network_sleep_state_get

.text.__NVIC_SystemReset
                0x0000df74       0x78
 .text.__NVIC_SystemReset
                0x0000df74       0x28 ./Application/source/Lin/LinDcm.o
 .text.__NVIC_SystemReset
                0x0000df9c       0x28 ./Application/source/Mcu.o
 .text.__NVIC_SystemReset
                0x0000dfc4       0x28 ./Application/source/lowpower.o

.text.DcmInit   0x0000dfec       0x78
 .text.DcmInit  0x0000dfec       0x78 ./Application/source/Lin/LinDcm.o
                0x0000dfec                DcmInit

.text.DcmMainFunction
                0x0000e064       0x14
 .text.DcmMainFunction
                0x0000e064       0x14 ./Application/source/Lin/LinDcm.o
                0x0000e064                DcmMainFunction

.text.DcmServiceProcess
                0x0000e078       0x60
 .text.DcmServiceProcess
                0x0000e078       0x60 ./Application/source/Lin/LinDcm.o

.text.DcmCommunication
                0x0000e0d8      0x118
 .text.DcmCommunication
                0x0000e0d8      0x118 ./Application/source/Lin/LinDcm.o

.text.Dcm_ServiceHandle
                0x0000e1f0       0x68
 .text.Dcm_ServiceHandle
                0x0000e1f0       0x68 ./Application/source/Lin/LinDcm.o

.text.Dcm_FindService
                0x0000e258       0x60
 .text.Dcm_FindService
                0x0000e258       0x60 ./Application/source/Lin/LinDcm.o

.text.Dcm_CheckSessionSupp
                0x0000e2b8       0x48
 .text.Dcm_CheckSessionSupp
                0x0000e2b8       0x48 ./Application/source/Lin/LinDcm.o

.text.Dcm_SendNcr
                0x0000e300       0x4c
 .text.Dcm_SendNcr
                0x0000e300       0x4c ./Application/source/Lin/LinDcm.o

.text.Dcm_CheckSidLength
                0x0000e34c       0x30
 .text.Dcm_CheckSidLength
                0x0000e34c       0x30 ./Application/source/Lin/LinDcm.o

.text.Dcm_ServiceFinish
                0x0000e37c       0x40
 .text.Dcm_ServiceFinish
                0x0000e37c       0x40 ./Application/source/Lin/LinDcm.o

.text.Dcm_RecvMsg10
                0x0000e3c0       0xd8
 .text.Dcm_RecvMsg10
                0x0000e3c0       0xc8 ./Application/source/Lin/LinDcm.o
 .text.Dcm_RecvMsg10.__stub
                0x0000e488       0x10 linker stubs

.text.Dcm_RecvMsg11
                0x0000e498       0x60
 .text.Dcm_RecvMsg11
                0x0000e498       0x60 ./Application/source/Lin/LinDcm.o

.text.Dcm_RecvMsg22
                0x0000e4f8      0x140
 .text.Dcm_RecvMsg22
                0x0000e4f8      0x140 ./Application/source/Lin/LinDcm.o

.text.Dcm_RecvMsg2E
                0x0000e638      0x11c
 .text.Dcm_RecvMsg2E
                0x0000e638      0x11c ./Application/source/Lin/LinDcm.o

.text.Dcm_RecvMsg3E
                0x0000e754       0x4c
 .text.Dcm_RecvMsg3E
                0x0000e754       0x4c ./Application/source/Lin/LinDcm.o

.text.Dcm_RecvMsg31
                0x0000e7a0       0xac
 .text.Dcm_RecvMsg31
                0x0000e7a0       0xac ./Application/source/Lin/LinDcm.o

.text.Dcm_ResetTimer
                0x0000e84c       0x1c
 .text.Dcm_ResetTimer
                0x0000e84c       0x1c ./Application/source/Lin/LinDcm.o

.text.Dcm_P2ServerEnable
                0x0000e868       0x18
 .text.Dcm_P2ServerEnable
                0x0000e868       0x18 ./Application/source/Lin/LinDcm.o

.text.Dcm_P2ServerDisable
                0x0000e880       0x18
 .text.Dcm_P2ServerDisable
                0x0000e880       0x18 ./Application/source/Lin/LinDcm.o

.text.Dcm_P2ServerCheck
                0x0000e898       0x2c
 .text.Dcm_P2ServerCheck
                0x0000e898       0x2c ./Application/source/Lin/LinDcm.o

.text.Dcm_S3ServerEnable
                0x0000e8c4       0x30
 .text.Dcm_S3ServerEnable
                0x0000e8c4       0x30 ./Application/source/Lin/LinDcm.o

.text.Dcm_S3ServerDisable
                0x0000e8f4       0x18
 .text.Dcm_S3ServerDisable
                0x0000e8f4       0x18 ./Application/source/Lin/LinDcm.o

.text.Dcm_S3ServerCheck
                0x0000e90c       0x3c
 .text.Dcm_S3ServerCheck
                0x0000e90c       0x3c ./Application/source/Lin/LinDcm.o

.text.Dcm_McuReset
                0x0000e948        0xc
 .text.Dcm_McuReset
                0x0000e948        0xc ./Application/source/Lin/LinDcm.o

.text.Dcm22_ReadFuncData
                0x0000e954       0x3c
 .text.Dcm22_ReadFuncData
                0x0000e954       0x3c ./Application/source/Lin/LinDcm_Cfg.o

.text.Dcm22_ReadProductInfo
                0x0000e990       0xdc
 .text.Dcm22_ReadProductInfo
                0x0000e990       0xdc ./Application/source/Lin/LinDcm_Cfg.o

.text.Dcm22_ReadCalibrationVersion
                0x0000ea6c       0x9c
 .text.Dcm22_ReadCalibrationVersion
                0x0000ea6c       0x9c ./Application/source/Lin/LinDcm_Cfg.o

.text.Crc_CalculateCRC16
                0x0000eb08       0x80
 .text.Crc_CalculateCRC16
                0x0000eb08       0x80 ./Application/source/Lin/LinDcm_Cfg.o

.text.MotorRunHall
                0x0000eb88       0x14
 .text.MotorRunHall
                0x0000eb88       0x14 ./Application/source/Lin/LinDcm_Cfg.o
                0x0000eb88                MotorRunHall

.text.GetHallResult
                0x0000eb9c       0x34
 .text.GetHallResult
                0x0000eb9c       0x34 ./Application/source/Lin/LinDcm_Cfg.o
                0x0000eb9c                GetHallResult

.text.Dcm_CalibrationWriteHandle
                0x0000ebd0      0x170
 .text.Dcm_CalibrationWriteHandle
                0x0000ebd0      0x160 ./Application/source/Lin/LinDcm_Cfg.o
                0x0000ebd0                Dcm_CalibrationWriteHandle
 .text.Dcm_CalibrationWriteHandle.__stub
                0x0000ed30       0x10 linker stubs

.text.Fls_ChkAddrValid
                0x0000ed40       0x4c
 .text.Fls_ChkAddrValid
                0x0000ed40       0x4c ./Application/source/Lin/LinDcm_Cfg.o

.text.FlashAP_Init
                0x0000ed8c       0x24
 .text.FlashAP_Init
                0x0000ed8c       0x24 ./Application/source/002_ASW/FlashApManage.o
                0x0000ed8c                FlashAP_Init

.text.FlashAP_Fct_PrepSrcData
                0x0000edb0       0x68
 .text.FlashAP_Fct_PrepSrcData
                0x0000edb0       0x68 ./Application/source/002_ASW/FlashApManage.o
                0x0000edb0                FlashAP_Fct_PrepSrcData

.text.FlashAP_task_WriteApData
                0x0000ee18      0x2b0
 .text.FlashAP_task_WriteApData
                0x0000ee18      0x29c ./Application/source/002_ASW/FlashApManage.o
                0x0000ee18                FlashAP_task_WriteApData
 *fill*         0x0000f0b4        0x4 
 .text.FlashAP_task_WriteApData.__stub
                0x0000f0b8       0x10 linker stubs

.text.HP_Init   0x0000f0c8       0xb0
 .text.HP_Init  0x0000f0c8       0xb0 ./Application/source/002_ASW/Hallpos.o
                0x0000f0c8                HP_Init

.text.HP_Task   0x0000f178       0x18
 .text.HP_Task  0x0000f178       0x18 ./Application/source/002_ASW/Hallpos.o
                0x0000f178                HP_Task

.text.HP_10ms_Job
                0x0000f190       0x24
 .text.HP_10ms_Job
                0x0000f190       0x24 ./Application/source/002_ASW/Hallpos.o
                0x0000f190                HP_10ms_Job

.text.HP_5s_Job
                0x0000f1b4       0x2c
 .text.HP_5s_Job
                0x0000f1b4       0x2c ./Application/source/002_ASW/Hallpos.o
                0x0000f1b4                HP_5s_Job

.text.HP_TstHallTimeOutFlg
                0x0000f1e0       0x28
 .text.HP_TstHallTimeOutFlg
                0x0000f1e0       0x28 ./Application/source/002_ASW/Hallpos.o
                0x0000f1e0                HP_TstHallTimeOutFlg

.text.HP_ResetBlockUpCnt
                0x0000f208       0x18
 .text.HP_ResetBlockUpCnt
                0x0000f208       0x18 ./Application/source/002_ASW/Hallpos.o
                0x0000f208                HP_ResetBlockUpCnt

.text.HP_GetBlockUpCnt
                0x0000f220       0x14
 .text.HP_GetBlockUpCnt
                0x0000f220       0x14 ./Application/source/002_ASW/Hallpos.o
                0x0000f220                HP_GetBlockUpCnt

.text.HP_GetBlockDownCnt
                0x0000f234       0x14
 .text.HP_GetBlockDownCnt
                0x0000f234       0x14 ./Application/source/002_ASW/Hallpos.o
                0x0000f234                HP_GetBlockDownCnt

.text.HP_ResetBlockDownCnt
                0x0000f248       0x18
 .text.HP_ResetBlockDownCnt
                0x0000f248       0x18 ./Application/source/002_ASW/Hallpos.o
                0x0000f248                HP_ResetBlockDownCnt

.text.HP_Hall_TCntReload
                0x0000f260       0x1c
 .text.HP_Hall_TCntReload
                0x0000f260       0x1c ./Application/source/002_ASW/Hallpos.o
                0x0000f260                HP_Hall_TCntReload

.text.HP_GetHallPulseWidth
                0x0000f27c       0x18
 .text.HP_GetHallPulseWidth
                0x0000f27c       0x18 ./Application/source/002_ASW/Hallpos.o
                0x0000f27c                HP_GetHallPulseWidth

.text.HP_GetHallWPos
                0x0000f294       0x18
 .text.HP_GetHallWPos
                0x0000f294       0x18 ./Application/source/002_ASW/Hallpos.o
                0x0000f294                HP_GetHallWPos

.text.HP_GetSoftStopPos
                0x0000f2ac       0x14
 .text.HP_GetSoftStopPos
                0x0000f2ac       0x14 ./Application/source/002_ASW/Hallpos.o
                0x0000f2ac                HP_GetSoftStopPos

.text.HP_TstCalcAPFlg
                0x0000f2c0       0x1c
 .text.HP_TstCalcAPFlg
                0x0000f2c0       0x1c ./Application/source/002_ASW/Hallpos.o
                0x0000f2c0                HP_TstCalcAPFlg

.text.HP_ClrCalcAPFlg
                0x0000f2dc       0x1c
 .text.HP_ClrCalcAPFlg
                0x0000f2dc       0x1c ./Application/source/002_ASW/Hallpos.o
                0x0000f2dc                HP_ClrCalcAPFlg

.text.HP_TstInSoftStopPosFlg
                0x0000f2f8       0x1c
 .text.HP_TstInSoftStopPosFlg
                0x0000f2f8       0x1c ./Application/source/002_ASW/Hallpos.o
                0x0000f2f8                HP_TstInSoftStopPosFlg

.text.HP_ClrInSoftStopPosFlg
                0x0000f314       0x1c
 .text.HP_ClrInSoftStopPosFlg
                0x0000f314       0x1c ./Application/source/002_ASW/Hallpos.o
                0x0000f314                HP_ClrInSoftStopPosFlg

.text.HP_TstBlockUpFlg
                0x0000f330       0x1c
 .text.HP_TstBlockUpFlg
                0x0000f330       0x1c ./Application/source/002_ASW/Hallpos.o
                0x0000f330                HP_TstBlockUpFlg

.text.HP_ClrBlockUpFlg
                0x0000f34c       0x24
 .text.HP_ClrBlockUpFlg
                0x0000f34c       0x24 ./Application/source/002_ASW/Hallpos.o
                0x0000f34c                HP_ClrBlockUpFlg

.text.HP_TstBlockDnFlg
                0x0000f370       0x1c
 .text.HP_TstBlockDnFlg
                0x0000f370       0x1c ./Application/source/002_ASW/Hallpos.o
                0x0000f370                HP_TstBlockDnFlg

.text.HP_ClrBlockDnFlg
                0x0000f38c       0x1c
 .text.HP_ClrBlockDnFlg
                0x0000f38c       0x1c ./Application/source/002_ASW/Hallpos.o
                0x0000f38c                HP_ClrBlockDnFlg

.text.HP_TstInAPZoneFlg
                0x0000f3a8       0x1c
 .text.HP_TstInAPZoneFlg
                0x0000f3a8       0x1c ./Application/source/002_ASW/Hallpos.o
                0x0000f3a8                HP_TstInAPZoneFlg

.text.HP_TstInBeakZoneFlg
                0x0000f3c4       0x1c
 .text.HP_TstInBeakZoneFlg
                0x0000f3c4       0x1c ./Application/source/002_ASW/Hallpos.o
                0x0000f3c4                HP_TstInBeakZoneFlg

.text.HP_TstPosSysNormFlg
                0x0000f3e0       0x1c
 .text.HP_TstPosSysNormFlg
                0x0000f3e0       0x1c ./Application/source/002_ASW/Hallpos.o
                0x0000f3e0                HP_TstPosSysNormFlg

.text.HP_TstHallErrFlg
                0x0000f3fc       0x28
 .text.HP_TstHallErrFlg
                0x0000f3fc       0x28 ./Application/source/002_ASW/Hallpos.o
                0x0000f3fc                HP_TstHallErrFlg

.text.HP_Normalize_EnteyCall
                0x0000f424       0x38
 .text.HP_Normalize_EnteyCall
                0x0000f424       0x38 ./Application/source/002_ASW/Hallpos.o
                0x0000f424                HP_Normalize_EnteyCall

.text.HP_Normalize_ExitCall
                0x0000f45c       0x38
 .text.HP_Normalize_ExitCall
                0x0000f45c       0x38 ./Application/source/002_ASW/Hallpos.o
                0x0000f45c                HP_Normalize_ExitCall

.text.Hall_Process
                0x0000f494      0x174
 .text.Hall_Process
                0x0000f494      0x174 ./Application/source/002_ASW/Hallpos.o

.text.Position_Process
                0x0000f608      0x200
 .text.Position_Process
                0x0000f608      0x200 ./Application/source/002_ASW/Hallpos.o

.text.SoftStop_Process
                0x0000f808      0x164
 .text.SoftStop_Process
                0x0000f808      0x164 ./Application/source/002_ASW/Hallpos.o

.text.HallTimeOut_Process
                0x0000f96c       0xd8
 .text.HallTimeOut_Process
                0x0000f96c       0xd8 ./Application/source/002_ASW/Hallpos.o

.text.Motor_Blocked
                0x0000fa44       0x3c
 .text.Motor_Blocked
                0x0000fa44       0x3c ./Application/source/002_ASW/Hallpos.o

.text.HP_SaveData
                0x0000fa80       0x50
 .text.HP_SaveData
                0x0000fa80       0x50 ./Application/source/002_ASW/Hallpos.o
                0x0000fa80                HP_SaveData

.text.KeyPort_Init
                0x0000fad0       0xb4
 .text.KeyPort_Init
                0x0000fad0       0xb4 ./Application/source/002_ASW/KeyPort.o
                0x0000fad0                KeyPort_Init

.text.KeyPort_LinInput
                0x0000fb84      0x2d4
 .text.KeyPort_LinInput
                0x0000fb84      0x2d4 ./Application/source/002_ASW/KeyPort.o
                0x0000fb84                KeyPort_LinInput

.text.motsts_update
                0x0000fe58      0x11c
 .text.motsts_update
                0x0000fe58      0x11c ./Application/source/002_ASW/KeyPort.o
                0x0000fe58                motsts_update

.text.KeyPort_Prev
                0x0000ff74       0x50
 .text.KeyPort_Prev
                0x0000ff74       0x50 ./Application/source/002_ASW/KeyPort.o
                0x0000ff74                KeyPort_Prev

.text.KeyPort_After
                0x0000ffc4       0x18
 .text.KeyPort_After
                0x0000ffc4       0x18 ./Application/source/002_ASW/KeyPort.o
                0x0000ffc4                KeyPort_After

.text.KeyPort_10msTask
                0x0000ffdc        0xc
 .text.KeyPort_10msTask
                0x0000ffdc        0xc ./Application/source/002_ASW/KeyPort.o
                0x0000ffdc                KeyPort_10msTask

.text.KeyPort_2msTask
                0x0000ffe8        0xc
 .text.KeyPort_2msTask
                0x0000ffe8        0xc ./Application/source/002_ASW/KeyPort.o
                0x0000ffe8                KeyPort_2msTask

.text.KEY_UpdateInfoData
                0x0000fff4      0x288
 .text.KEY_UpdateInfoData
                0x0000fff4      0x288 ./Application/source/002_ASW/KeyPort.o
                0x0000fff4                KEY_UpdateInfoData

.text.TM_init   0x0001027c       0x48
 .text.TM_init  0x0001027c       0x48 ./Application/source/002_ASW/TestMode.o
                0x0001027c                TM_init

.text.TM_GetTMStatus
                0x000102c4       0x1c
 .text.TM_GetTMStatus
                0x000102c4       0x1c ./Application/source/002_ASW/TestMode.o
                0x000102c4                TM_GetTMStatus

.text.TM_Entry  0x000102e0      0x188
 .text.TM_Entry
                0x000102e0      0x188 ./Application/source/002_ASW/TestMode.o
                0x000102e0                TM_Entry

.text.TM_Progress
                0x00010468       0x40
 .text.TM_Progress
                0x00010468       0x40 ./Application/source/002_ASW/TestMode.o
                0x00010468                TM_Progress

.text.RT_relaycheck
                0x000104a8       0x4c
 .text.RT_relaycheck
                0x000104a8       0x4c ./Application/source/002_ASW/TestMode.o
                0x000104a8                RT_relaycheck

.text.RT_relaytest
                0x000104f4      0x1e4
 .text.RT_relaytest
                0x000104f4      0x1e4 ./Application/source/002_ASW/TestMode.o
                0x000104f4                RT_relaytest

.text.RT_OtherTestDataLoad
                0x000106d8       0xf8
 .text.RT_OtherTestDataLoad
                0x000106d8       0xf8 ./Application/source/002_ASW/TestMode.o
                0x000106d8                RT_OtherTestDataLoad

.text.RT_OtherTestDataLoad_2
                0x000107d0       0xfc
 .text.RT_OtherTestDataLoad_2
                0x000107d0       0xfc ./Application/source/002_ASW/TestMode.o
                0x000107d0                RT_OtherTestDataLoad_2

.text.RT_ClearBUF
                0x000108cc       0x80
 .text.RT_ClearBUF
                0x000108cc       0x80 ./Application/source/002_ASW/TestMode.o
                0x000108cc                RT_ClearBUF

.text.BAT_Init  0x0001094c       0x30
 .text.BAT_Init
                0x0001094c       0x30 ./Application/source/002_ASW/Ubat.o
                0x0001094c                BAT_Init

.text.Ubat_GetVoltageFiltered
                0x0001097c       0x14
 .text.Ubat_GetVoltageFiltered
                0x0001097c       0x14 ./Application/source/002_ASW/Ubat.o
                0x0001097c                Ubat_GetVoltageFiltered

.text.Ubat_Task
                0x00010990       0x10
 .text.Ubat_Task
                0x00010990       0x10 ./Application/source/002_ASW/Ubat.o
                0x00010990                Ubat_Task

.text.Ubat_2ms_Job
                0x000109a0       0x24
 .text.Ubat_2ms_Job
                0x000109a0       0x24 ./Application/source/002_ASW/Ubat.o
                0x000109a0                Ubat_2ms_Job

.text.BatFilter
                0x000109c4      0x150
 .text.BatFilter
                0x000109c4      0x150 ./Application/source/002_ASW/Ubat.o

.text.CheckUBat
                0x00010b14      0x1cc
 .text.CheckUBat
                0x00010b14      0x1cc ./Application/source/002_ASW/Ubat.o

.text.BAT_SaveData
                0x00010ce0       0x24
 .text.BAT_SaveData
                0x00010ce0       0x24 ./Application/source/002_ASW/Ubat.o
                0x00010ce0                BAT_SaveData

.text.APF_Init  0x00010d04       0x3c
 .text.APF_Init
                0x00010d04       0x3c ./Application/source/002_ASW/apfunc.o
                0x00010d04                APF_Init

.text.APF_Judge
                0x00010d40       0xcc
 .text.APF_Judge
                0x00010d40       0xcc ./Application/source/002_ASW/apfunc.o
                0x00010d40                APF_Judge

.text.APF_TstAPOffFlg
                0x00010e0c       0x14
 .text.APF_TstAPOffFlg
                0x00010e0c       0x14 ./Application/source/002_ASW/apfunc.o
                0x00010e0c                APF_TstAPOffFlg

.text.APF_TstAPRdyFlg
                0x00010e20       0x14
 .text.APF_TstAPRdyFlg
                0x00010e20       0x14 ./Application/source/002_ASW/apfunc.o
                0x00010e20                APF_TstAPRdyFlg

.text.APF_2ms_Job
                0x00010e34       0x24
 .text.APF_2ms_Job
                0x00010e34       0x24 ./Application/source/002_ASW/apfunc.o
                0x00010e34                APF_2ms_Job

.text.APF_MotorStop
                0x00010e58       0x60
 .text.APF_MotorStop
                0x00010e58       0x60 ./Application/source/002_ASW/apfunc.o

.text.APF_Reverse
                0x00010eb8      0x12c
 .text.APF_Reverse
                0x00010eb8      0x12c ./Application/source/002_ASW/apfunc.o

.text.APF_DisableAP
                0x00010fe4       0x48
 .text.APF_DisableAP
                0x00010fe4       0x48 ./Application/source/002_ASW/apfunc.o

.text.APF_TstInRev
                0x0001102c       0x14
 .text.APF_TstInRev
                0x0001102c       0x14 ./Application/source/002_ASW/apfunc.o
                0x0001102c                APF_TstInRev

.text.MOT_Init  0x00011040       0x30
 .text.MOT_Init
                0x00011040       0x30 ./Application/source/002_ASW/motor.o
                0x00011040                MOT_Init

.text.MOT_GetStopPosition
                0x00011070       0x14
 .text.MOT_GetStopPosition
                0x00011070       0x14 ./Application/source/002_ASW/motor.o
                0x00011070                MOT_GetStopPosition

.text.MOT_SetUp
                0x00011084       0x28
 .text.MOT_SetUp
                0x00011084       0x28 ./Application/source/002_ASW/motor.o
                0x00011084                MOT_SetUp

.text.MOT_ClrUp
                0x000110ac       0x2c
 .text.MOT_ClrUp
                0x000110ac       0x2c ./Application/source/002_ASW/motor.o
                0x000110ac                MOT_ClrUp

.text.MOT_SetDn
                0x000110d8       0x28
 .text.MOT_SetDn
                0x000110d8       0x28 ./Application/source/002_ASW/motor.o
                0x000110d8                MOT_SetDn

.text.MOT_ClrDn
                0x00011100       0x2c
 .text.MOT_ClrDn
                0x00011100       0x2c ./Application/source/002_ASW/motor.o
                0x00011100                MOT_ClrDn

.text.MOT_SetStop
                0x0001112c       0x28
 .text.MOT_SetStop
                0x0001112c       0x28 ./Application/source/002_ASW/motor.o
                0x0001112c                MOT_SetStop

.text.MOT_ClrStop
                0x00011154       0x2c
 .text.MOT_ClrStop
                0x00011154       0x2c ./Application/source/002_ASW/motor.o
                0x00011154                MOT_ClrStop

.text.MOT_GetStopCause
                0x00011180       0x14
 .text.MOT_GetStopCause
                0x00011180       0x14 ./Application/source/002_ASW/motor.o
                0x00011180                MOT_GetStopCause

.text.MOT_SetMotStopDelay2ms
                0x00011194       0x38
 .text.MOT_SetMotStopDelay2ms
                0x00011194       0x38 ./Application/source/002_ASW/motor.o
                0x00011194                MOT_SetMotStopDelay2ms

.text.MOT_TstAPMotStopDelay
                0x000111cc       0x40
 .text.MOT_TstAPMotStopDelay
                0x000111cc       0x40 ./Application/source/002_ASW/motor.o
                0x000111cc                MOT_TstAPMotStopDelay

.text.MOT_GetMotDelay
                0x0001120c       0x14
 .text.MOT_GetMotDelay
                0x0001120c       0x14 ./Application/source/002_ASW/motor.o
                0x0001120c                MOT_GetMotDelay

.text.MOT_TstMotorUpFlg
                0x00011220       0x1c
 .text.MOT_TstMotorUpFlg
                0x00011220       0x1c ./Application/source/002_ASW/motor.o
                0x00011220                MOT_TstMotorUpFlg

.text.MOT_TstMotorRunFlg
                0x0001123c       0x1c
 .text.MOT_TstMotorRunFlg
                0x0001123c       0x1c ./Application/source/002_ASW/motor.o
                0x0001123c                MOT_TstMotorRunFlg

.text.MOT_TstMotorPrvUpFlg
                0x00011258       0x1c
 .text.MOT_TstMotorPrvUpFlg
                0x00011258       0x1c ./Application/source/002_ASW/motor.o
                0x00011258                MOT_TstMotorPrvUpFlg

.text.MOT_TstMotorOpenFlg
                0x00011274       0x1c
 .text.MOT_TstMotorOpenFlg
                0x00011274       0x1c ./Application/source/002_ASW/motor.o
                0x00011274                MOT_TstMotorOpenFlg

.text.MOT_TstMotorCloseFlg
                0x00011290       0x1c
 .text.MOT_TstMotorCloseFlg
                0x00011290       0x1c ./Application/source/002_ASW/motor.o
                0x00011290                MOT_TstMotorCloseFlg

.text.MOT_TstMotorStopFlg
                0x000112ac       0x1c
 .text.MOT_TstMotorStopFlg
                0x000112ac       0x1c ./Application/source/002_ASW/motor.o
                0x000112ac                MOT_TstMotorStopFlg

.text.MOT_2ms_Job
                0x000112c8       0x24
 .text.MOT_2ms_Job
                0x000112c8       0x24 ./Application/source/002_ASW/motor.o
                0x000112c8                MOT_2ms_Job

.text.MOT_Task  0x000112ec       0xbc
 .text.MOT_Task
                0x000112ec       0xbc ./Application/source/002_ASW/motor.o
                0x000112ec                MOT_Task

.text.window_up
                0x000113a8       0x70
 .text.window_up
                0x000113a8       0x70 ./Application/source/002_ASW/motor.o

.text.window_stop
                0x00011418       0x7c
 .text.window_stop
                0x00011418       0x7c ./Application/source/002_ASW/motor.o
                0x00011418                window_stop

.text.window_down
                0x00011494       0x70
 .text.window_down
                0x00011494       0x70 ./Application/source/002_ASW/motor.o

.text.op_rel    0x00011504       0x54
 .text.op_rel   0x00011504       0x54 ./Application/source/002_ASW/motor.o

.text.Motor_DIRA
                0x00011558       0x20
 .text.Motor_DIRA
                0x00011558       0x20 ./Application/source/002_ASW/motor.o
                0x00011558                Motor_DIRA

.text.Motor_DIRB
                0x00011578       0x20
 .text.Motor_DIRB
                0x00011578       0x20 ./Application/source/002_ASW/motor.o
                0x00011578                Motor_DIRB

.text.Motor_OFF
                0x00011598       0x20
 .text.Motor_OFF
                0x00011598       0x20 ./Application/source/002_ASW/motor.o
                0x00011598                Motor_OFF

.text.Motor_BLOCK
                0x000115b8       0x20
 .text.Motor_BLOCK
                0x000115b8       0x20 ./Application/source/002_ASW/motor.o
                0x000115b8                Motor_BLOCK

.text.MOT_SaveData
                0x000115d8       0x24
 .text.MOT_SaveData
                0x000115d8       0x24 ./Application/source/002_ASW/motor.o
                0x000115d8                MOT_SaveData

.text.REL_Init  0x000115fc       0x48
 .text.REL_Init
                0x000115fc       0x48 ./Application/source/002_ASW/relay.o
                0x000115fc                REL_Init

.text.REL_TstRelAStuckFlg
                0x00011644       0x14
 .text.REL_TstRelAStuckFlg
                0x00011644       0x14 ./Application/source/002_ASW/relay.o
                0x00011644                REL_TstRelAStuckFlg

.text.REL_TstRelBStuckFlg
                0x00011658       0x14
 .text.REL_TstRelBStuckFlg
                0x00011658       0x14 ./Application/source/002_ASW/relay.o
                0x00011658                REL_TstRelBStuckFlg

.text.REL_SetRelALogiSts
                0x0001166c       0x20
 .text.REL_SetRelALogiSts
                0x0001166c       0x20 ./Application/source/002_ASW/relay.o
                0x0001166c                REL_SetRelALogiSts

.text.REL_SetRelBLogiSts
                0x0001168c       0x20
 .text.REL_SetRelBLogiSts
                0x0001168c       0x20 ./Application/source/002_ASW/relay.o
                0x0001168c                REL_SetRelBLogiSts

.text.REL_GetRelLogiSts
                0x000116ac       0x38
 .text.REL_GetRelLogiSts
                0x000116ac       0x38 ./Application/source/002_ASW/relay.o
                0x000116ac                REL_GetRelLogiSts

.text.REL_GetRelPhySts
                0x000116e4       0x70
 .text.REL_GetRelPhySts
                0x000116e4       0x70 ./Application/source/002_ASW/relay.o
                0x000116e4                REL_GetRelPhySts

.text.REL_10ms_Job
                0x00011754       0xa8
 .text.REL_10ms_Job
                0x00011754       0xa8 ./Application/source/002_ASW/relay.o
                0x00011754                REL_10ms_Job

.text.StuckCheck
                0x000117fc       0xb8
 .text.StuckCheck
                0x000117fc       0xb8 ./Application/source/002_ASW/relay.o

.text.APP_1ms_Task
                0x000118b4        0xc
 .text.APP_1ms_Task
                0x000118b4        0xc ./Application/source/002_ASW/sub_task.o
                0x000118b4                APP_1ms_Task

.text.APP_2ms_Task
                0x000118c0       0x50
 .text.APP_2ms_Task
                0x000118c0       0x50 ./Application/source/002_ASW/sub_task.o
                0x000118c0                APP_2ms_Task

.text.APP_10ms_Task
                0x00011910       0x1c
 .text.APP_10ms_Task
                0x00011910       0x1c ./Application/source/002_ASW/sub_task.o
                0x00011910                APP_10ms_Task

.text.APP_50ms_Task
                0x0001192c       0x28
 .text.APP_50ms_Task
                0x0001192c       0x28 ./Application/source/002_ASW/sub_task.o
                0x0001192c                APP_50ms_Task

.text.APP_100ms_Task
                0x00011954        0xc
 .text.APP_100ms_Task
                0x00011954        0xc ./Application/source/002_ASW/sub_task.o
                0x00011954                APP_100ms_Task

.text.APP_5s_Task
                0x00011960        0xc
 .text.APP_5s_Task
                0x00011960        0xc ./Application/source/002_ASW/sub_task.o
                0x00011960                APP_5s_Task

.text.APPBackGroundTask
                0x0001196c       0x30
 .text.APPBackGroundTask
                0x0001196c       0x30 ./Application/source/002_ASW/sub_task.o
                0x0001196c                APPBackGroundTask

.text.LinTask2Ms
                0x0001199c        0xc
 .text.LinTask2Ms
                0x0001199c        0xc ./Application/source/002_ASW/sub_task.o

.text.LinTask10Ms
                0x000119a8       0x74
 .text.LinTask10Ms
                0x000119a8       0x74 ./Application/source/002_ASW/sub_task.o

.text.convert   0x00011a1c       0x98
 .text.convert  0x00011a1c       0x98 ./Application/source/002_ASW/switch_925.o
                0x00011a1c                convert

.text.key_init_st
                0x00011ab4       0xcc
 .text.key_init_st
                0x00011ab4       0xcc ./Application/source/002_ASW/switch_925.o
                0x00011ab4                key_init_st

.text.key_init  0x00011b80       0x18
 .text.key_init
                0x00011b80       0x18 ./Application/source/002_ASW/switch_925.o
                0x00011b80                key_init

.text.key_debounce
                0x00011b98      0x118
 .text.key_debounce
                0x00011b98      0x118 ./Application/source/002_ASW/switch_925.o
                0x00011b98                key_debounce

.text.lin_stick_detect
                0x00011cb0       0x64
 .text.lin_stick_detect
                0x00011cb0       0x64 ./Application/source/002_ASW/switch_925.o
                0x00011cb0                lin_stick_detect

.text.key_read  0x00011d14      0x130
 .text.key_read
                0x00011d14      0x130 ./Application/source/002_ASW/switch_925.o
                0x00011d14                key_read

.text.key       0x00011e44      0x3ac
 .text.key      0x00011e44      0x3ac ./Application/source/002_ASW/switch_925.o
                0x00011e44                key

.text.key_setmotorprio
                0x000121f0       0x78
 .text.key_setmotorprio
                0x000121f0       0x78 ./Application/source/002_ASW/switch_925.o
                0x000121f0                key_setmotorprio

.text.key_checkstop
                0x00012268       0x78
 .text.key_checkstop
                0x00012268       0x78 ./Application/source/002_ASW/switch_925.o
                0x00012268                key_checkstop

.text.SYS_Init  0x000122e0       0x20
 .text.SYS_Init
                0x000122e0       0x20 ./Application/source/002_ASW/sysfunc.o
                0x000122e0                SYS_Init

.text.SYS_SetWakeSrc
                0x00012300       0x28
 .text.SYS_SetWakeSrc
                0x00012300       0x28 ./Application/source/002_ASW/sysfunc.o
                0x00012300                SYS_SetWakeSrc

.text.SYS_ClrWakeSrc
                0x00012328       0x2c
 .text.SYS_ClrWakeSrc
                0x00012328       0x2c ./Application/source/002_ASW/sysfunc.o
                0x00012328                SYS_ClrWakeSrc

.text.SYS_Sleep
                0x00012354       0x78
 .text.SYS_Sleep
                0x00012354       0x78 ./Application/source/002_ASW/sysfunc.o
                0x00012354                SYS_Sleep

.text.SY_RamCtl_Calc
                0x000123cc       0x48
 .text.SY_RamCtl_Calc
                0x000123cc       0x48 ./Application/source/002_ASW/syst_security.o
                0x000123cc                SY_RamCtl_Calc

.text.SY_RamCtlInit
                0x00012414       0x50
 .text.SY_RamCtlInit
                0x00012414       0x50 ./Application/source/002_ASW/syst_security.o
                0x00012414                SY_RamCtlInit

.text.SY_RamCtlUpdate
                0x00012464       0x58
 .text.SY_RamCtlUpdate
                0x00012464       0x58 ./Application/source/002_ASW/syst_security.o
                0x00012464                SY_RamCtlUpdate

.text.SY_RamCtlCheck
                0x000124bc       0x50
 .text.SY_RamCtlCheck
                0x000124bc       0x50 ./Application/source/002_ASW/syst_security.o
                0x000124bc                SY_RamCtlCheck

.text.thermo_calc
                0x0001250c      0x208
 .text.thermo_calc
                0x0001250c      0x208 ./Application/source/002_ASW/thermo.o
                0x0001250c                thermo_calc

.text.get_temperature
                0x00012714       0x60
 .text.get_temperature
                0x00012714       0x60 ./Application/source/002_ASW/thermo.o
                0x00012714                get_temperature

.text.thermo_block_calc
                0x00012774       0x58
 .text.thermo_block_calc
                0x00012774       0x58 ./Application/source/002_ASW/thermo.o
                0x00012774                thermo_block_calc

.text.get_voltage_idx
                0x000127cc       0x74
 .text.get_voltage_idx
                0x000127cc       0x74 ./Application/source/002_ASW/thermo.o